../Core/Src/main.c:60:6:Load_Drow_Dialog	16	static
../Core/Src/main.c:73:6:gui_draw_hline	32	static
../Core/Src/main.c:82:6:gui_fill_circle	40	static
../Core/Src/main.c:108:5:my_abs	16	static
../Core/Src/main.c:118:6:screen_print	16	static
../Core/Src/main.c:130:6:screen_draw_track	16	static
../Core/Src/main.c:139:6:screen_norm_print	184	static
../Core/Src/main.c:167:6:change_state	8	static
../Core/Src/main.c:177:6:lcd_draw_bline	64	static
../Core/Src/main.c:215:5:max	16	static
../Core/Src/main.c:218:5:min	16	static
../Core/Src/main.c:221:5:hit	24	static
../Core/Src/main.c:224:6:rtp_test	56	static
../Core/Src/main.c:378:6:ctp_test	48	static
../Core/Src/main.c:447:5:main	16	static
../Core/Src/main.c:512:6:SystemClock_Config	72	static
../Core/Src/main.c:552:13:MX_SPI1_Init	8	static
../Core/Src/main.c:590:13:MX_TIM2_Init	32	static
../Core/Src/main.c:635:13:MX_USART1_UART_Init	8	static
../Core/Src/main.c:668:13:MX_GPIO_Init	16	static
../Core/Src/main.c:695:6:Error_Handler	4	static,ignoring_inline_asm
