../Core/Src/main.c:59:6:Load_Drow_Dialog	16	static
../Core/Src/main.c:72:6:gui_draw_hline	32	static
../Core/Src/main.c:81:6:gui_fill_circle	40	static
../Core/Src/main.c:107:5:my_abs	16	static
../Core/Src/main.c:117:6:screen_print	16	static
../Core/Src/main.c:129:6:screen_draw_track	16	static
../Core/Src/main.c:138:6:screen_norm_print	200	static
../Core/Src/main.c:166:6:change_state	8	static
../Core/Src/main.c:176:6:lcd_draw_bline	64	static
../Core/Src/main.c:214:5:max	16	static
../Core/Src/main.c:217:5:min	16	static
../Core/Src/main.c:220:6:rtp_test	56	static
../Core/Src/main.c:337:6:ctp_test	48	static
../Core/Src/main.c:406:5:main	16	static
../Core/Src/main.c:471:6:SystemClock_Config	72	static
../Core/Src/main.c:511:13:MX_SPI1_Init	8	static
../Core/Src/main.c:549:13:MX_TIM2_Init	32	static
../Core/Src/main.c:594:13:MX_USART1_UART_Init	8	static
../Core/Src/main.c:627:13:MX_GPIO_Init	16	static
../Core/Src/main.c:654:6:Error_Handler	4	static,ignoring_inline_asm
