Archive member included to satisfy reference by file (symbol)

D:/STM32CubeIDE_1.16.0/STM32CubeIDE/plugins/com.st.stm32cube.ide.mcu.externaltools.gnu-tools-for-stm32.12.3.rel1.win32_1.0.200.202406191623/tools/bin/../lib/gcc/arm-none-eabi/12.3.1/../../../../arm-none-eabi/lib/thumb/v7-m/nofp\libc_nano.a(libc_a-exit.o)
                              D:/STM32CubeIDE_1.16.0/STM32CubeIDE/plugins/com.st.stm32cube.ide.mcu.externaltools.gnu-tools-for-stm32.12.3.rel1.win32_1.0.200.202406191623/tools/bin/../lib/gcc/arm-none-eabi/12.3.1/../../../../arm-none-eabi/lib/thumb/v7-m/nofp/crt0.o (exit)
D:/STM32CubeIDE_1.16.0/STM32CubeIDE/plugins/com.st.stm32cube.ide.mcu.externaltools.gnu-tools-for-stm32.12.3.rel1.win32_1.0.200.202406191623/tools/bin/../lib/gcc/arm-none-eabi/12.3.1/../../../../arm-none-eabi/lib/thumb/v7-m/nofp\libc_nano.a(libc_a-rand.o)
                              ./Core/Src/main.o (srand)
D:/STM32CubeIDE_1.16.0/STM32CubeIDE/plugins/com.st.stm32cube.ide.mcu.externaltools.gnu-tools-for-stm32.12.3.rel1.win32_1.0.200.202406191623/tools/bin/../lib/gcc/arm-none-eabi/12.3.1/../../../../arm-none-eabi/lib/thumb/v7-m/nofp\libc_nano.a(libc_a-findfp.o)
                              D:/STM32CubeIDE_1.16.0/STM32CubeIDE/plugins/com.st.stm32cube.ide.mcu.externaltools.gnu-tools-for-stm32.12.3.rel1.win32_1.0.200.202406191623/tools/bin/../lib/gcc/arm-none-eabi/12.3.1/../../../../arm-none-eabi/lib/thumb/v7-m/nofp\libc_nano.a(libc_a-exit.o) (__stdio_exit_handler)
D:/STM32CubeIDE_1.16.0/STM32CubeIDE/plugins/com.st.stm32cube.ide.mcu.externaltools.gnu-tools-for-stm32.12.3.rel1.win32_1.0.200.202406191623/tools/bin/../lib/gcc/arm-none-eabi/12.3.1/../../../../arm-none-eabi/lib/thumb/v7-m/nofp\libc_nano.a(libc_a-fwalk.o)
                              D:/STM32CubeIDE_1.16.0/STM32CubeIDE/plugins/com.st.stm32cube.ide.mcu.externaltools.gnu-tools-for-stm32.12.3.rel1.win32_1.0.200.202406191623/tools/bin/../lib/gcc/arm-none-eabi/12.3.1/../../../../arm-none-eabi/lib/thumb/v7-m/nofp\libc_nano.a(libc_a-findfp.o) (_fwalk_sglue)
D:/STM32CubeIDE_1.16.0/STM32CubeIDE/plugins/com.st.stm32cube.ide.mcu.externaltools.gnu-tools-for-stm32.12.3.rel1.win32_1.0.200.202406191623/tools/bin/../lib/gcc/arm-none-eabi/12.3.1/../../../../arm-none-eabi/lib/thumb/v7-m/nofp\libc_nano.a(libc_a-printf.o)
                              ./Core/Src/ft5206.o (printf)
D:/STM32CubeIDE_1.16.0/STM32CubeIDE/plugins/com.st.stm32cube.ide.mcu.externaltools.gnu-tools-for-stm32.12.3.rel1.win32_1.0.200.202406191623/tools/bin/../lib/gcc/arm-none-eabi/12.3.1/../../../../arm-none-eabi/lib/thumb/v7-m/nofp\libc_nano.a(libc_a-sprintf.o)
                              ./Core/Src/main.o (sprintf)
D:/STM32CubeIDE_1.16.0/STM32CubeIDE/plugins/com.st.stm32cube.ide.mcu.externaltools.gnu-tools-for-stm32.12.3.rel1.win32_1.0.200.202406191623/tools/bin/../lib/gcc/arm-none-eabi/12.3.1/../../../../arm-none-eabi/lib/thumb/v7-m/nofp\libc_nano.a(libc_a-stdio.o)
                              D:/STM32CubeIDE_1.16.0/STM32CubeIDE/plugins/com.st.stm32cube.ide.mcu.externaltools.gnu-tools-for-stm32.12.3.rel1.win32_1.0.200.202406191623/tools/bin/../lib/gcc/arm-none-eabi/12.3.1/../../../../arm-none-eabi/lib/thumb/v7-m/nofp\libc_nano.a(libc_a-findfp.o) (__sread)
D:/STM32CubeIDE_1.16.0/STM32CubeIDE/plugins/com.st.stm32cube.ide.mcu.externaltools.gnu-tools-for-stm32.12.3.rel1.win32_1.0.200.202406191623/tools/bin/../lib/gcc/arm-none-eabi/12.3.1/../../../../arm-none-eabi/lib/thumb/v7-m/nofp\libc_nano.a(libc_a-memset.o)
                              D:/STM32CubeIDE_1.16.0/STM32CubeIDE/plugins/com.st.stm32cube.ide.mcu.externaltools.gnu-tools-for-stm32.12.3.rel1.win32_1.0.200.202406191623/tools/bin/../lib/gcc/arm-none-eabi/12.3.1/../../../../arm-none-eabi/lib/thumb/v7-m/nofp/crt0.o (memset)
D:/STM32CubeIDE_1.16.0/STM32CubeIDE/plugins/com.st.stm32cube.ide.mcu.externaltools.gnu-tools-for-stm32.12.3.rel1.win32_1.0.200.202406191623/tools/bin/../lib/gcc/arm-none-eabi/12.3.1/../../../../arm-none-eabi/lib/thumb/v7-m/nofp\libc_nano.a(libc_a-closer.o)
                              D:/STM32CubeIDE_1.16.0/STM32CubeIDE/plugins/com.st.stm32cube.ide.mcu.externaltools.gnu-tools-for-stm32.12.3.rel1.win32_1.0.200.202406191623/tools/bin/../lib/gcc/arm-none-eabi/12.3.1/../../../../arm-none-eabi/lib/thumb/v7-m/nofp\libc_nano.a(libc_a-stdio.o) (_close_r)
D:/STM32CubeIDE_1.16.0/STM32CubeIDE/plugins/com.st.stm32cube.ide.mcu.externaltools.gnu-tools-for-stm32.12.3.rel1.win32_1.0.200.202406191623/tools/bin/../lib/gcc/arm-none-eabi/12.3.1/../../../../arm-none-eabi/lib/thumb/v7-m/nofp\libc_nano.a(libc_a-reent.o)
                              D:/STM32CubeIDE_1.16.0/STM32CubeIDE/plugins/com.st.stm32cube.ide.mcu.externaltools.gnu-tools-for-stm32.12.3.rel1.win32_1.0.200.202406191623/tools/bin/../lib/gcc/arm-none-eabi/12.3.1/../../../../arm-none-eabi/lib/thumb/v7-m/nofp\libc_nano.a(libc_a-closer.o) (errno)
[...]
Memory Configuration

Name             Origin             Length             Attributes
RAM              0x20000000         0x0000c000         xrw
FLASH            0x08000000         0x00040000         xr
*default*        0x00000000         0xffffffff

Linker script and memory map

LOAD D:/STM32CubeIDE_1.16.0/STM32CubeIDE/plugins/com.st.stm32cube.ide.mcu.externaltools.gnu-tools-for-stm32.12.3.rel1.win32_1.0.200.202406191623/tools/bin/../lib/gcc/arm-none-eabi/12.3.1/thumb/v7-m/nofp/crti.o
LOAD D:/STM32CubeIDE_1.16.0/STM32CubeIDE/plugins/com.st.stm32cube.ide.mcu.externaltools.gnu-tools-for-stm32.12.3.rel1.win32_1.0.200.202406191623/tools/bin/../lib/gcc/arm-none-eabi/12.3.1/thumb/v7-m/nofp/crtbegin.o
LOAD D:/STM32CubeIDE_1.16.0/STM32CubeIDE/plugins/com.st.stm32cube.ide.mcu.externaltools.gnu-tools-for-stm32.12.3.rel1.win32_1.0.200.202406191623/tools/bin/../lib/gcc/arm-none-eabi/12.3.1/../../../../arm-none-eabi/lib/thumb/v7-m/nofp/crt0.o
LOAD ./Core/Src/24cxx.o
LOAD ./Core/Src/24l01.o
LOAD ./Core/Src/ctiic.o
LOAD ./Core/Src/delay.o
LOAD ./Core/Src/ft5206.o
LOAD ./Core/Src/gt9147.o
LOAD ./Core/Src/key.o
LOAD ./Core/Src/lcd.o
LOAD ./Core/Src/led.o
LOAD ./Core/Src/main.o
LOAD ./Core/Src/myiic.o
LOAD ./Core/Src/ott2001a.o
LOAD ./Core/Src/spi.o
LOAD ./Core/Src/stm32f1xx_hal_msp.o
LOAD ./Core/Src/stm32f1xx_it.o
LOAD ./Core/Src/sys.o
LOAD ./Core/Src/syscalls.o
LOAD ./Core/Src/sysmem.o
LOAD ./Core/Src/system_stm32f1xx.o
LOAD ./Core/Src/touch.o
LOAD ./Core/Startup/startup_stm32f103rctx.o
LOAD ./Drivers/STM32F1xx_HAL_Driver/Src/stm32f1xx_hal.o
LOAD ./Drivers/STM32F1xx_HAL_Driver/Src/stm32f1xx_hal_cortex.o
LOAD ./Drivers/STM32F1xx_HAL_Driver/Src/stm32f1xx_hal_dma.o
LOAD ./Drivers/STM32F1xx_HAL_Driver/Src/stm32f1xx_hal_exti.o
LOAD ./Drivers/STM32F1xx_HAL_Driver/Src/stm32f1xx_hal_flash.o
LOAD ./Drivers/STM32F1xx_HAL_Driver/Src/stm32f1xx_hal_flash_ex.o
LOAD ./Drivers/STM32F1xx_HAL_Driver/Src/stm32f1xx_hal_gpio.o
LOAD ./Drivers/STM32F1xx_HAL_Driver/Src/stm32f1xx_hal_gpio_ex.o
LOAD ./Drivers/STM32F1xx_HAL_Driver/Src/stm32f1xx_hal_pwr.o
LOAD ./Drivers/STM32F1xx_HAL_Driver/Src/stm32f1xx_hal_rcc.o
LOAD ./Drivers/STM32F1xx_HAL_Driver/Src/stm32f1xx_hal_rcc_ex.o
LOAD ./Drivers/STM32F1xx_HAL_Driver/Src/stm32f1xx_hal_spi.o
LOAD ./Drivers/STM32F1xx_HAL_Driver/Src/stm32f1xx_hal_tim.o
LOAD ./Drivers/STM32F1xx_HAL_Driver/Src/stm32f1xx_hal_tim_ex.o
LOAD ./Drivers/STM32F1xx_HAL_Driver/Src/stm32f1xx_hal_uart.o
START GROUP
LOAD D:/STM32CubeIDE_1.16.0/STM32CubeIDE/plugins/com.st.stm32cube.ide.mcu.externaltools.gnu-tools-for-stm32.12.3.rel1.win32_1.0.200.202406191623/tools/bin/../lib/gcc/arm-none-eabi/12.3.1/../../../../arm-none-eabi/lib/thumb/v7-m/nofp\libc_nano.a
LOAD D:/STM32CubeIDE_1.16.0/STM32CubeIDE/plugins/com.st.stm32cube.ide.mcu.externaltools.gnu-tools-for-stm32.12.3.rel1.win32_1.0.200.202406191623/tools/bin/../lib/gcc/arm-none-eabi/12.3.1/../../../../arm-none-eabi/lib/thumb/v7-m/nofp\libm.a
END GROUP
START GROUP
LOAD D:/STM32CubeIDE_1.16.0/STM32CubeIDE/plugins/com.st.stm32cube.ide.mcu.externaltools.gnu-tools-for-stm32.12.3.rel1.win32_1.0.200.202406191623/tools/bin/../lib/gcc/arm-none-eabi/12.3.1/thumb/v7-m/nofp\libgcc.a
LOAD D:/STM32CubeIDE_1.16.0/STM32CubeIDE/plugins/com.st.stm32cube.ide.mcu.externaltools.gnu-tools-for-stm32.12.3.rel1.win32_1.0.200.202406191623/tools/bin/../lib/gcc/arm-none-eabi/12.3.1/../../../../arm-none-eabi/lib/thumb/v7-m/nofp\libc_nano.a
END GROUP
START GROUP
LOAD D:/STM32CubeIDE_1.16.0/STM32CubeIDE/plugins/com.st.stm32cube.ide.mcu.externaltools.gnu-tools-for-stm32.12.3.rel1.win32_1.0.200.202406191623/tools/bin/../lib/gcc/arm-none-eabi/12.3.1/thumb/v7-m/nofp\libgcc.a
LOAD D:/STM32CubeIDE_1.16.0/STM32CubeIDE/plugins/com.st.stm32cube.ide.mcu.externaltools.gnu-tools-for-stm32.12.3.rel1.win32_1.0.200.202406191623/tools/bin/../lib/gcc/arm-none-eabi/12.3.1/../../../../arm-none-eabi/lib/thumb/v7-m/nofp\libc_nano.a
LOAD D:/STM32CubeIDE_1.16.0/STM32CubeIDE/plugins/com.st.stm32cube.ide.mcu.externaltools.gnu-tools-for-stm32.12.3.rel1.win32_1.0.200.202406191623/tools/bin/../lib/gcc/arm-none-eabi/12.3.1/../../../../arm-none-eabi/lib/thumb/v7-m/nofp\libnosys.a
END GROUP
START GROUP
LOAD D:/STM32CubeIDE_1.16.0/STM32CubeIDE/plugins/com.st.stm32cube.ide.mcu.externaltools.gnu-tools-for-stm32.12.3.rel1.win32_1.0.200.202406191623/tools/bin/../lib/gcc/arm-none-eabi/12.3.1/thumb/v7-m/nofp\libgcc.a
LOAD D:/STM32CubeIDE_1.16.0/STM32CubeIDE/plugins/com.st.stm32cube.ide.mcu.externaltools.gnu-tools-for-stm32.12.3.rel1.win32_1.0.200.202406191623/tools/bin/../lib/gcc/arm-none-eabi/12.3.1/../../../../arm-none-eabi/lib/thumb/v7-m/nofp\libc_nano.a
LOAD D:/STM32CubeIDE_1.16.0/STM32CubeIDE/plugins/com.st.stm32cube.ide.mcu.externaltools.gnu-tools-for-stm32.12.3.rel1.win32_1.0.200.202406191623/tools/bin/../lib/gcc/arm-none-eabi/12.3.1/../../../../arm-none-eabi/lib/thumb/v7-m/nofp\libnosys.a
END GROUP
LOAD D:/STM32CubeIDE_1.16.0/STM32CubeIDE/plugins/com.st.stm32cube.ide.mcu.externaltools.gnu-tools-for-stm32.12.3.rel1.win32_1.0.200.202406191623/tools/bin/../lib/gcc/arm-none-eabi/12.3.1/thumb/v7-m/nofp/crtend.o
LOAD D:/STM32CubeIDE_1.16.0/STM32CubeIDE/plugins/com.st.stm32cube.ide.mcu.externaltools.gnu-tools-for-stm32.12.3.rel1.win32_1.0.200.202406191623/tools/bin/../lib/gcc/arm-none-eabi/12.3.1/thumb/v7-m/nofp/crtn.o
                0x2000c000                        _estack = (ORIGIN (RAM) + LENGTH (RAM))
                0x00000200                        _Min_Heap_Size = 0x200
                0x00000400                        _Min_Stack_Size = 0x400

.isr_vector     0x08000000      0x1e4
                0x08000000                        . = ALIGN (0x4)
 *(.isr_vector)
 .isr_vector    0x08000000      0x1e4 ./Core/Startup/startup_stm32f103rctx.o
                0x08000000                g_pfnVectors
                0x080001e4                        . = ALIGN (0x4)

.text           0x080001e8     0xdfb0
                0x080001e8                        . = ALIGN (0x4)
 *(.text)
 .text          0x080001e8       0x40 D:/STM32CubeIDE_1.16.0/STM32CubeIDE/plugins/com.st.stm32cube.ide.mcu.externaltools.gnu-tools-for-stm32.12.3.rel1.win32_1.0.200.202406191623/tools/bin/../lib/gcc/arm-none-eabi/12.3.1/thumb/v7-m/nofp/crtbegin.o
 .text          0x08000228       0x14 D:/STM32CubeIDE_1.16.0/STM32CubeIDE/plugins/com.st.stm32cube.ide.mcu.externaltools.gnu-tools-for-stm32.12.3.rel1.win32_1.0.200.202406191623/tools/bin/../lib/gcc/arm-none-eabi/12.3.1/../../../../arm-none-eabi/lib/thumb/v7-m/nofp\libc_nano.a(libc_a-strcmp.o)
                0x08000228                strcmp
 .text          0x0800023c      0x378 D:/STM32CubeIDE_1.16.0/STM32CubeIDE/plugins/com.st.stm32cube.ide.mcu.externaltools.gnu-tools-for-stm32.12.3.rel1.win32_1.0.200.202406191623/tools/bin/../lib/gcc/arm-none-eabi/12.3.1/thumb/v7-m/nofp\libgcc.a(_arm_addsubdf3.o)
                0x0800023c                __aeabi_drsub
                0x08000244                __aeabi_dsub
                0x08000244                __subdf3
                0x08000248                __aeabi_dadd
                0x08000248                __adddf3
                0x080004c0                __floatunsidf
                0x080004c0                __aeabi_ui2d
                0x080004e0                __floatsidf
                0x080004e0                __aeabi_i2d
                0x08000504                __aeabi_f2d
                0x08000504                __extendsfdf2
                0x08000548                __floatundidf
                0x08000548                __aeabi_ul2d
                0x08000558                __floatdidf
                0x08000558                __aeabi_l2d
 .text          0x080005b4      0x424 D:/STM32CubeIDE_1.16.0/STM32CubeIDE/plugins/com.st.stm32cube.ide.mcu.externaltools.gnu-tools-for-stm32.12.3.rel1.win32_1.0.200.202406191623/tools/bin/../lib/gcc/arm-none-eabi/12.3.1/thumb/v7-m/nofp\libgcc.a(_arm_muldivdf3.o)
                0x080005b4                __aeabi_dmul
                0x080005b4                __muldf3
                0x08000808                __divdf3
                0x08000808                __aeabi_ddiv
 .text          0x080009d8      0x110 D:/STM32CubeIDE_1.16.0/STM32CubeIDE/plugins/com.st.stm32cube.ide.mcu.externaltools.gnu-tools-for-stm32.12.3.rel1.win32_1.0.200.202406191623/tools/bin/../lib/gcc/arm-none-eabi/12.3.1/thumb/v7-m/nofp\libgcc.a(_arm_cmpdf2.o)
                0x080009d8                __gtdf2
                0x080009d8                __gedf2
                0x080009e0                __ltdf2
                0x080009e0                __ledf2
                0x080009e8                __nedf2
                0x080009e8                __eqdf2
                0x080009e8                __cmpdf2
                0x08000a64                __aeabi_cdrcmple
                0x08000a74                __aeabi_cdcmpeq
                0x08000a74                __aeabi_cdcmple
                0x08000a84                __aeabi_dcmpeq
                0x08000a98                __aeabi_dcmplt
                0x08000aac                __aeabi_dcmple
                0x08000ac0                __aeabi_dcmpge
                0x08000ad4                __aeabi_dcmpgt
 .text          0x08000ae8       0x2c D:/STM32CubeIDE_1.16.0/STM32CubeIDE/plugins/com.st.stm32cube.ide.mcu.externaltools.gnu-tools-for-stm32.12.3.rel1.win32_1.0.200.202406191623/tools/bin/../lib/gcc/arm-none-eabi/12.3.1/thumb/v7-m/nofp\libgcc.a(_arm_unorddf2.o)
                0x08000ae8                __unorddf2
                0x08000ae8                __aeabi_dcmpun
 .text          0x08000b14       0x50 D:/STM32CubeIDE_1.16.0/STM32CubeIDE/plugins/com.st.stm32cube.ide.mcu.externaltools.gnu-tools-for-stm32.12.3.rel1.win32_1.0.200.202406191623/tools/bin/../lib/gcc/arm-none-eabi/12.3.1/thumb/v7-m/nofp\libgcc.a(_arm_fixdfsi.o)
                0x08000b14                __aeabi_d2iz
                0x08000b14                __fixdfsi
 .text          0x08000b64       0x40 D:/STM32CubeIDE_1.16.0/STM32CubeIDE/plugins/com.st.stm32cube.ide.mcu.externaltools.gnu-tools-for-stm32.12.3.rel1.win32_1.0.200.202406191623/tools/bin/../lib/gcc/arm-none-eabi/12.3.1/thumb/v7-m/nofp\libgcc.a(_arm_fixunsdfsi.o)
                0x08000b64                __aeabi_d2uiz
                0x08000b64                __fixunsdfsi
 .text          0x08000ba4      0x21c D:/STM32CubeIDE_1.16.0/STM32CubeIDE/plugins/com.st.stm32cube.ide.mcu.externaltools.gnu-tools-for-stm32.12.3.rel1.win32_1.0.200.202406191623/tools/bin/../lib/gcc/arm-none-eabi/12.3.1/thumb/v7-m/nofp\libgcc.a(_arm_addsubsf3.o)
                0x08000ba4                __aeabi_frsub
                0x08000bac                __subsf3
                0x08000bac                __aeabi_fsub
                0x08000bb0                __aeabi_fadd
                0x08000bb0                __addsf3
                0x08000d10                __aeabi_ui2f
                0x08000d10                __floatunsisf
                0x08000d18                __aeabi_i2f
                0x08000d18                __floatsisf
                0x08000d34                __aeabi_ul2f
                0x08000d34                __floatundisf
                0x08000d44                __aeabi_l2f
                0x08000d44                __floatdisf
 .text          0x08000dc0      0x2a0 D:/STM32CubeIDE_1.16.0/STM32CubeIDE/plugins/com.st.stm32cube.ide.mcu.externaltools.gnu-tools-for-stm32.12.3.rel1.win32_1.0.200.202406191623/tools/bin/../lib/gcc/arm-none-eabi/12.3.1/thumb/v7-m/nofp\libgcc.a(_arm_muldivsf3.o)
                0x08000dc0                __mulsf3
                0x08000dc0                __aeabi_fmul
                0x08000f28                __aeabi_fdiv
                0x08000f28                __divsf3
 .text          0x08001060       0xec D:/STM32CubeIDE_1.16.0/STM32CubeIDE/plugins/com.st.stm32cube.ide.mcu.externaltools.gnu-tools-for-stm32.12.3.rel1.win32_1.0.200.202406191623/tools/bin/../lib/gcc/arm-none-eabi/12.3.1/thumb/v7-m/nofp\libgcc.a(_arm_cmpsf2.o)
                0x08001060                __gesf2
                0x08001060                __gtsf2
                0x08001068                __lesf2
                0x08001068                __ltsf2
                0x08001070                __nesf2
                0x08001070                __eqsf2
                0x08001070                __cmpsf2
                0x080010d0                __aeabi_cfrcmple
                0x080010d8                __aeabi_cfcmpeq
                0x080010d8                __aeabi_cfcmple
                0x080010e8                __aeabi_fcmpeq
                0x080010fc                __aeabi_fcmplt
                0x08001110                __aeabi_fcmple
                0x08001124                __aeabi_fcmpge
                0x08001138                __aeabi_fcmpgt
 .text          0x0800114c       0x2c D:/STM32CubeIDE_1.16.0/STM32CubeIDE/plugins/com.st.stm32cube.ide.mcu.externaltools.gnu-tools-for-stm32.12.3.rel1.win32_1.0.200.202406191623/tools/bin/../lib/gcc/arm-none-eabi/12.3.1/thumb/v7-m/nofp\libgcc.a(_arm_unordsf2.o)
                0x0800114c                __unordsf2
                0x0800114c                __aeabi_fcmpun
 .text          0x08001178       0x4c D:/STM32CubeIDE_1.16.0/STM32CubeIDE/plugins/com.st.stm32cube.ide.mcu.externaltools.gnu-tools-for-stm32.12.3.rel1.win32_1.0.200.202406191623/tools/bin/../lib/gcc/arm-none-eabi/12.3.1/thumb/v7-m/nofp\libgcc.a(_arm_fixsfsi.o)
                0x08001178                __aeabi_f2iz
                0x08001178                __fixsfsi
 .text          0x080011c4       0x40 D:/STM32CubeIDE_1.16.0/STM32CubeIDE/plugins/com.st.stm32cube.ide.mcu.externaltools.gnu-tools-for-stm32.12.3.rel1.win32_1.0.200.202406191623/tools/bin/../lib/gcc/arm-none-eabi/12.3.1/thumb/v7-m/nofp\libgcc.a(_arm_fixunssfsi.o)
                0x080011c4                __fixunssfsi
                0x080011c4                __aeabi_f2uiz
 *(.text*)
 .text.AT24CXX_Init
                0x08001204        0xc ./Core/Src/24cxx.o
                0x08001204                AT24CXX_Init
 .text.AT24CXX_ReadOneByte
                0x08001210       0x60 ./Core/Src/24cxx.o
                0x08001210                AT24CXX_ReadOneByte
 .text.AT24CXX_WriteOneByte
                0x08001270       0x5a ./Core/Src/24cxx.o
                0x08001270                AT24CXX_WriteOneByte
 .text.AT24CXX_Read
                0x080012ca       0x3e ./Core/Src/24cxx.o
                0x080012ca                AT24CXX_Read
 .text.AT24CXX_Write
                0x08001308       0x40 ./Core/Src/24cxx.o
                0x08001308                AT24CXX_Write
 .text.CT_Delay
                0x08001348        0xe ./Core/Src/ctiic.o
                0x08001348                CT_Delay
 *fill*         0x08001356        0x2 
 .text.CT_IIC_Init
                0x08001358       0x60 ./Core/Src/ctiic.o
                0x08001358                CT_IIC_Init
 .text.CT_IIC_Start
                0x080013b8       0x50 ./Core/Src/ctiic.o
                0x080013b8                CT_IIC_Start
 .text.CT_IIC_Stop
                0x08001408       0x48 ./Core/Src/ctiic.o
                0x08001408                CT_IIC_Stop
 .text.CT_IIC_Wait_Ack
                0x08001450       0x74 ./Core/Src/ctiic.o
                0x08001450                CT_IIC_Wait_Ack
 .text.CT_IIC_Ack
                0x080014c4       0x50 ./Core/Src/ctiic.o
                0x080014c4                CT_IIC_Ack
 .text.CT_IIC_NAck
                0x08001514       0x50 ./Core/Src/ctiic.o
                0x08001514                CT_IIC_NAck
 .text.CT_IIC_Send_Byte
                0x08001564       0x78 ./Core/Src/ctiic.o
                0x08001564                CT_IIC_Send_Byte
 .text.CT_IIC_Read_Byte
                0x080015dc       0x88 ./Core/Src/ctiic.o
                0x080015dc                CT_IIC_Read_Byte
 .text.delay_init
                0x08001664       0x24 ./Core/Src/delay.o
                0x08001664                delay_init
 .text.delay_us
                0x08001688       0x7c ./Core/Src/delay.o
                0x08001688                delay_us
 .text.delay_ms
                0x08001704       0x30 ./Core/Src/delay.o
                0x08001704                delay_ms
 .text.FT5206_WR_Reg
                0x08001734       0x72 ./Core/Src/ft5206.o
                0x08001734                FT5206_WR_Reg
 .text.FT5206_RD_Reg
                0x080017a6       0x7c ./Core/Src/ft5206.o
                0x080017a6                FT5206_RD_Reg
 *fill*         0x08001822        0x2 
 .text.FT5206_Init
                0x08001824       0xf4 ./Core/Src/ft5206.o
                0x08001824                FT5206_Init
 .text.FT5206_Scan
                0x08001918      0x22c ./Core/Src/ft5206.o
                0x08001918                FT5206_Scan
 .text.GT9147_Send_Cfg
                0x08001b44       0x68 ./Core/Src/gt9147.o
                0x08001b44                GT9147_Send_Cfg
 .text.GT9147_WR_Reg
                0x08001bac       0x84 ./Core/Src/gt9147.o
                0x08001bac                GT9147_WR_Reg
 .text.GT9147_RD_Reg
                0x08001c30       0x8e ./Core/Src/gt9147.o
                0x08001c30                GT9147_RD_Reg
 *fill*         0x08001cbe        0x2 
 .text.GT9147_Init
                0x08001cc0      0x138 ./Core/Src/gt9147.o
                0x08001cc0                GT9147_Init
 .text.GT9147_Scan
                0x08001df8      0x268 ./Core/Src/gt9147.o
                0x08001df8                GT9147_Scan
 .text.KEY_Init
                0x08002060       0x90 ./Core/Src/key.o
                0x08002060                KEY_Init
 .text.KEY_Scan
                0x080020f0       0xdc ./Core/Src/key.o
                0x080020f0                KEY_Scan
 .text.LCD_WR_REG
                0x080021cc       0x48 ./Core/Src/lcd.o
                0x080021cc                LCD_WR_REG
 .text.LCD_WR_DATAX
                0x08002214       0x48 ./Core/Src/lcd.o
                0x08002214                LCD_WR_DATAX
 .text.opt_delay
                0x0800225c       0x22 ./Core/Src/lcd.o
                0x0800225c                opt_delay
 *fill*         0x0800227e        0x2 
 .text.LCD_RD_DATA
                0x08002280       0x78 ./Core/Src/lcd.o
                0x08002280                LCD_RD_DATA
 .text.LCD_WriteReg
                0x080022f8       0x54 ./Core/Src/lcd.o
                0x080022f8                LCD_WriteReg
 .text.LCD_WriteRAM_Prepare
                0x0800234c       0x18 ./Core/Src/lcd.o
                0x0800234c                LCD_WriteRAM_Prepare
 .text.LCD_DisplayOff
                0x08002364       0x28 ./Core/Src/lcd.o
                0x08002364                LCD_DisplayOff
 .text.LCD_SetCursor
                0x0800238c      0x454 ./Core/Src/lcd.o
                0x0800238c                LCD_SetCursor
 .text.LCD_Scan_Dir
                0x080027e0      0x528 ./Core/Src/lcd.o
                0x080027e0                LCD_Scan_Dir
 .text.LCD_DrawPoint
                0x08002d08       0x60 ./Core/Src/lcd.o
                0x08002d08                LCD_DrawPoint
 .text.LCD_Fast_DrawPoint
                0x08002d68      0x3f4 ./Core/Src/lcd.o
                0x08002d68                LCD_Fast_DrawPoint
 *fill*         0x0800315c        0x4 
 .text.LCD_SSD_BackLightSet
                0x08003160      0x148 ./Core/Src/lcd.o
                0x08003160                LCD_SSD_BackLightSet
 .text.LCD_Display_Dir
                0x080032a8      0x170 ./Core/Src/lcd.o
                0x080032a8                LCD_Display_Dir
 .text.LCD_Init
                0x08003418     0x2c24 ./Core/Src/lcd.o
                0x08003418                LCD_Init
 .text.LCD_Clear
                0x0800603c       0x84 ./Core/Src/lcd.o
                0x0800603c                LCD_Clear
 .text.LCD_Fill
                0x080060c0       0xa4 ./Core/Src/lcd.o
                0x080060c0                LCD_Fill
 .text.LCD_DrawLine
                0x08006164      0x108 ./Core/Src/lcd.o
                0x08006164                LCD_DrawLine
 .text.LCD_DrawRectangle
                0x0800626c       0x56 ./Core/Src/lcd.o
                0x0800626c                LCD_DrawRectangle
 .text.LCD_Draw_Circle
                0x080062c2      0x13a ./Core/Src/lcd.o
                0x080062c2                LCD_Draw_Circle
 .text.LCD_ShowChar
                0x080063fc      0x15c ./Core/Src/lcd.o
                0x080063fc                LCD_ShowChar
 .text.LCD_Pow  0x08006558       0x36 ./Core/Src/lcd.o
                0x08006558                LCD_Pow
 *fill*         0x0800658e        0x2 
 .text.LCD_ShowNum
                0x08006590       0xe4 ./Core/Src/lcd.o
                0x08006590                LCD_ShowNum
 .text.LCD_ShowString
                0x08006674       0x9a ./Core/Src/lcd.o
                0x08006674                LCD_ShowString
 *fill*         0x0800670e        0x2 
 .text.LCD_Clear_Rectangle
                0x08006710       0xd4 ./Core/Src/lcd.o
                0x08006710                LCD_Clear_Rectangle
 .text.LCD_Draw_Triangle
                0x080067e4       0x4a ./Core/Src/lcd.o
                0x080067e4                LCD_Draw_Triangle
 *fill*         0x0800682e        0x2 
 .text.LCD_Draw_Ellipse
                0x08006830      0x2b8 ./Core/Src/lcd.o
                0x08006830                LCD_Draw_Ellipse
 .text.LED_Init
                0x08006ae8       0x90 ./Core/Src/led.o
                0x08006ae8                LED_Init
 .text.LCD_Draw_Shape
                0x08006b78       0xf8 ./Core/Src/main.o
                0x08006b78                LCD_Draw_Shape
 .text.LCD_Clear_Shape
                0x08006c70       0x3c ./Core/Src/main.o
                0x08006c70                LCD_Clear_Shape
 .text.perform_jump
                0x08006cac       0x84 ./Core/Src/main.o
                0x08006cac                perform_jump
 .text.handle_jump
                0x08006d30      0x188 ./Core/Src/main.o
                0x08006d30                handle_jump
 .text.init_random
                0x08006eb8       0x14 ./Core/Src/main.o
                0x08006eb8                init_random
 .text.clampf   0x08006ecc       0x3a ./Core/Src/main.o
 .text.distance_squared
                0x08006f06       0x4e ./Core/Src/main.o
 .text.point_in_triangle
                0x08006f54      0x176 ./Core/Src/main.o
                0x08006f54                point_in_triangle
 .text.distance_point_to_segment
                0x080070ca      0x11a ./Core/Src/main.o
                0x080070ca                distance_point_to_segment
 .text.circle_rectangle_collision
                0x080071e4       0xa2 ./Core/Src/main.o
                0x080071e4                circle_rectangle_collision
 .text.circle_circle_collision
                0x08007286       0x5e ./Core/Src/main.o
                0x08007286                circle_circle_collision
 .text.circle_triangle_collision
                0x080072e4      0x130 ./Core/Src/main.o
                0x080072e4                circle_triangle_collision
 .text.triangle_rectangle_collision
                0x08007414      0x234 ./Core/Src/main.o
                0x08007414                triangle_rectangle_collision
 .text.triangle_triangle_collision
                0x08007648      0x1e4 ./Core/Src/main.o
                0x08007648                triangle_triangle_collision
 .text.generate_obstacles
                0x0800782c       0xbc ./Core/Src/main.o
                0x0800782c                generate_obstacles
 .text.draw_obstacles
                0x080078e8      0x178 ./Core/Src/main.o
                0x080078e8                draw_obstacles
 .text.draw_scene_background
                0x08007a60       0xa8 ./Core/Src/main.o
                0x08007a60                draw_scene_background
 .text.switch_scene
                0x08007b08       0x30 ./Core/Src/main.o
                0x08007b08                switch_scene
 .text.Load_Drow_Dialog
                0x08007b38       0x48 ./Core/Src/main.o
                0x08007b38                Load_Drow_Dialog
 .text.gui_draw_hline
                0x08007b80       0x4a ./Core/Src/main.o
                0x08007b80                gui_draw_hline
 *fill*         0x08007bca        0x2 
 .text.gui_fill_circle
                0x08007bcc      0x138 ./Core/Src/main.o
                0x08007bcc                gui_fill_circle
 .text.screen_draw_track
                0x08007d04       0x98 ./Core/Src/main.o
                0x08007d04                screen_draw_track
 .text.screen_norm_print
                0x08007d9c      0x210 ./Core/Src/main.o
                0x08007d9c                screen_norm_print
 .text.lcd_draw_bline
                0x08007fac      0x140 ./Core/Src/main.o
                0x08007fac                lcd_draw_bline
 .text.max      0x080080ec       0x1e ./Core/Src/main.o
                0x080080ec                max
 .text.min      0x0800810a       0x1e ./Core/Src/main.o
                0x0800810a                min
 .text.hit      0x08008128      0x35c ./Core/Src/main.o
                0x08008128                hit
 .text.rtp_test
                0x08008484      0x5f4 ./Core/Src/main.o
                0x08008484                rtp_test
 .text.ctp_test
                0x08008a78      0x1bc ./Core/Src/main.o
                0x08008a78                ctp_test
 .text.main     0x08008c34       0xa8 ./Core/Src/main.o
                0x08008c34                main
 .text.SystemClock_Config
                0x08008cdc       0x8a ./Core/Src/main.o
                0x08008cdc                SystemClock_Config
 *fill*         0x08008d66        0x2 
 .text.MX_SPI1_Init
                0x08008d68       0x6c ./Core/Src/main.o
 .text.MX_TIM2_Init
                0x08008dd4       0x9c ./Core/Src/main.o
 .text.MX_USART1_UART_Init
                0x08008e70       0x54 ./Core/Src/main.o
 .text.MX_GPIO_Init
                0x08008ec4       0x44 ./Core/Src/main.o
 .text.Error_Handler
                0x08008f08        0xc ./Core/Src/main.o
                0x08008f08                Error_Handler
 .text.IIC_Init
                0x08008f14       0x60 ./Core/Src/myiic.o
                0x08008f14                IIC_Init
 .text.IIC_Start
                0x08008f74       0x50 ./Core/Src/myiic.o
                0x08008f74                IIC_Start
 .text.IIC_Stop
                0x08008fc4       0x50 ./Core/Src/myiic.o
                0x08008fc4                IIC_Stop
 .text.IIC_Wait_Ack
                0x08009014       0x78 ./Core/Src/myiic.o
                0x08009014                IIC_Wait_Ack
 .text.IIC_Ack  0x0800908c       0x50 ./Core/Src/myiic.o
                0x0800908c                IIC_Ack
 .text.IIC_NAck
                0x080090dc       0x50 ./Core/Src/myiic.o
                0x080090dc                IIC_NAck
 .text.IIC_Send_Byte
                0x0800912c       0x80 ./Core/Src/myiic.o
                0x0800912c                IIC_Send_Byte
 .text.IIC_Read_Byte
                0x080091ac       0x8c ./Core/Src/myiic.o
                0x080091ac                IIC_Read_Byte
 .text.OTT2001A_WR_Reg
                0x08009238       0x84 ./Core/Src/ott2001a.o
                0x08009238                OTT2001A_WR_Reg
 .text.OTT2001A_RD_Reg
                0x080092bc       0x8e ./Core/Src/ott2001a.o
                0x080092bc                OTT2001A_RD_Reg
 .text.OTT2001A_SensorControl
                0x0800934a       0x30 ./Core/Src/ott2001a.o
                0x0800934a                OTT2001A_SensorControl
 *fill*         0x0800937a        0x2 
 .text.OTT2001A_Init
                0x0800937c       0xb0 ./Core/Src/ott2001a.o
                0x0800937c                OTT2001A_Init
 *fill*         0x0800942c        0x4 
 .text.OTT2001A_Scan
                0x08009430      0x254 ./Core/Src/ott2001a.o
                0x08009430                OTT2001A_Scan
 .text.HAL_MspInit
                0x08009684       0x68 ./Core/Src/stm32f1xx_hal_msp.o
                0x08009684                HAL_MspInit
 .text.HAL_SPI_MspInit
                0x080096ec       0xa4 ./Core/Src/stm32f1xx_hal_msp.o
                0x080096ec                HAL_SPI_MspInit
 .text.HAL_TIM_Base_MspInit
                0x08009790       0x48 ./Core/Src/stm32f1xx_hal_msp.o
                0x08009790                HAL_TIM_Base_MspInit
 .text.HAL_UART_MspInit
                0x080097d8       0x98 ./Core/Src/stm32f1xx_hal_msp.o
                0x080097d8                HAL_UART_MspInit
 .text.NMI_Handler
                0x08009870        0x8 ./Core/Src/stm32f1xx_it.o
                0x08009870                NMI_Handler
 .text.HardFault_Handler
                0x08009878        0x8 ./Core/Src/stm32f1xx_it.o
                0x08009878                HardFault_Handler
 .text.MemManage_Handler
                0x08009880        0x8 ./Core/Src/stm32f1xx_it.o
                0x08009880                MemManage_Handler
 .text.BusFault_Handler
                0x08009888        0x8 ./Core/Src/stm32f1xx_it.o
                0x08009888                BusFault_Handler
 .text.UsageFault_Handler
                0x08009890        0x8 ./Core/Src/stm32f1xx_it.o
                0x08009890                UsageFault_Handler
 .text.SVC_Handler
                0x08009898        0xc ./Core/Src/stm32f1xx_it.o
                0x08009898                SVC_Handler
 .text.DebugMon_Handler
                0x080098a4        0xc ./Core/Src/stm32f1xx_it.o
                0x080098a4                DebugMon_Handler
 .text.PendSV_Handler
                0x080098b0        0xc ./Core/Src/stm32f1xx_it.o
                0x080098b0                PendSV_Handler
 .text.SysTick_Handler
                0x080098bc        0xc ./Core/Src/stm32f1xx_it.o
                0x080098bc                SysTick_Handler
 .text.TIM2_IRQHandler
                0x080098c8       0x14 ./Core/Src/stm32f1xx_it.o
                0x080098c8                TIM2_IRQHandler
 .text.SPI1_IRQHandler
                0x080098dc       0x14 ./Core/Src/stm32f1xx_it.o
                0x080098dc                SPI1_IRQHandler
 .text.Stm32_Clock_Init
                0x080098f0       0x82 ./Core/Src/sys.o
                0x080098f0                Stm32_Clock_Init
 .text._getpid  0x08009972        0xe ./Core/Src/syscalls.o
                0x08009972                _getpid
 .text._kill    0x08009980       0x20 ./Core/Src/syscalls.o
                0x08009980                _kill
 .text._exit    0x080099a0       0x16 ./Core/Src/syscalls.o
                0x080099a0                _exit
 .text._read    0x080099b6       0x3a ./Core/Src/syscalls.o
                0x080099b6                _read
 .text._write   0x080099f0       0x38 ./Core/Src/syscalls.o
                0x080099f0                _write
 .text._close   0x08009a28       0x16 ./Core/Src/syscalls.o
                0x08009a28                _close
 .text._fstat   0x08009a3e       0x1e ./Core/Src/syscalls.o
                0x08009a3e                _fstat
 .text._isatty  0x08009a5c       0x14 ./Core/Src/syscalls.o
                0x08009a5c                _isatty
 .text._lseek   0x08009a70       0x18 ./Core/Src/syscalls.o
                0x08009a70                _lseek
 .text._sbrk    0x08009a88       0x6c ./Core/Src/sysmem.o
                0x08009a88                _sbrk
 .text.SystemInit
                0x08009af4        0xc ./Core/Src/system_stm32f1xx.o
                0x08009af4                SystemInit
 .text.TP_Write_Byte
                0x08009b00       0x60 ./Core/Src/touch.o
                0x08009b00                TP_Write_Byte
 .text.TP_Read_AD
                0x08009b60       0xb0 ./Core/Src/touch.o
                0x08009b60                TP_Read_AD
 .text.TP_Read_XOY
                0x08009c10       0xf4 ./Core/Src/touch.o
                0x08009c10                TP_Read_XOY
 .text.TP_Read_XY
                0x08009d04       0x44 ./Core/Src/touch.o
                0x08009d04                TP_Read_XY
 .text.TP_Read_XY2
                0x08009d48       0xc4 ./Core/Src/touch.o
                0x08009d48                TP_Read_XY2
 .text.TP_Drow_Touch_Point
                0x08009e0c       0xa8 ./Core/Src/touch.o
                0x08009e0c                TP_Drow_Touch_Point
 .text.TP_Scan  0x08009eb4      0x13c ./Core/Src/touch.o
                0x08009eb4                TP_Scan
 .text.TP_Save_Adjdata
                0x08009ff0       0x20 ./Core/Src/touch.o
                0x08009ff0                TP_Save_Adjdata
 .text.TP_Get_Adjdata
                0x0800a010       0x64 ./Core/Src/touch.o
                0x0800a010                TP_Get_Adjdata
 .text.TP_Adj_Info_Show
                0x0800a074      0x1c4 ./Core/Src/touch.o
                0x0800a074                TP_Adj_Info_Show
 .text.TP_Adjust
                0x0800a238      0x878 ./Core/Src/touch.o
                0x0800a238                TP_Adjust
 .text.TP_Init  0x0800aab0      0x154 ./Core/Src/touch.o
                0x0800aab0                TP_Init
 .text.Reset_Handler
                0x0800ac04       0x48 ./Core/Startup/startup_stm32f103rctx.o
                0x0800ac04                Reset_Handler
 .text.Default_Handler
                0x0800ac4c        0x2 ./Core/Startup/startup_stm32f103rctx.o
                0x0800ac4c                RTC_Alarm_IRQHandler
                0x0800ac4c                EXTI2_IRQHandler
                0x0800ac4c                TIM8_TRG_COM_IRQHandler
                0x0800ac4c                TIM8_CC_IRQHandler
                0x0800ac4c                TIM1_CC_IRQHandler
                0x0800ac4c                TIM6_IRQHandler
                0x0800ac4c                PVD_IRQHandler
                0x0800ac4c                SDIO_IRQHandler
                0x0800ac4c                EXTI3_IRQHandler
                0x0800ac4c                EXTI0_IRQHandler
                0x0800ac4c                I2C2_EV_IRQHandler
                0x0800ac4c                ADC1_2_IRQHandler
                0x0800ac4c                TAMPER_IRQHandler
                0x0800ac4c                TIM8_UP_IRQHandler
                0x0800ac4c                DMA2_Channel2_IRQHandler
                0x0800ac4c                DMA1_Channel4_IRQHandler
                0x0800ac4c                USART3_IRQHandler
                0x0800ac4c                RTC_IRQHandler
                0x0800ac4c                DMA1_Channel7_IRQHandler
                0x0800ac4c                CAN1_RX1_IRQHandler
                0x0800ac4c                UART5_IRQHandler
                0x0800ac4c                ADC3_IRQHandler
                0x0800ac4c                TIM4_IRQHandler
                0x0800ac4c                DMA2_Channel1_IRQHandler
                0x0800ac4c                I2C1_EV_IRQHandler
                0x0800ac4c                DMA1_Channel6_IRQHandler
                0x0800ac4c                UART4_IRQHandler
                0x0800ac4c                TIM3_IRQHandler
                0x0800ac4c                RCC_IRQHandler
                0x0800ac4c                TIM1_TRG_COM_IRQHandler
                0x0800ac4c                DMA1_Channel1_IRQHandler
                0x0800ac4c                Default_Handler
                0x0800ac4c                EXTI15_10_IRQHandler
                0x0800ac4c                TIM7_IRQHandler
                0x0800ac4c                TIM5_IRQHandler
                0x0800ac4c                EXTI9_5_IRQHandler
                0x0800ac4c                SPI2_IRQHandler
                0x0800ac4c                DMA1_Channel5_IRQHandler
                0x0800ac4c                EXTI4_IRQHandler
                0x0800ac4c                USB_LP_CAN1_RX0_IRQHandler
                0x0800ac4c                USB_HP_CAN1_TX_IRQHandler
                0x0800ac4c                DMA1_Channel3_IRQHandler
                0x0800ac4c                FSMC_IRQHandler
                0x0800ac4c                TIM1_UP_IRQHandler
                0x0800ac4c                WWDG_IRQHandler
                0x0800ac4c                TIM1_BRK_IRQHandler
                0x0800ac4c                EXTI1_IRQHandler
                0x0800ac4c                DMA2_Channel4_5_IRQHandler
                0x0800ac4c                USART2_IRQHandler
                0x0800ac4c                I2C2_ER_IRQHandler
                0x0800ac4c                DMA1_Channel2_IRQHandler
                0x0800ac4c                TIM8_BRK_IRQHandler
                0x0800ac4c                CAN1_SCE_IRQHandler
                0x0800ac4c                FLASH_IRQHandler
                0x0800ac4c                USART1_IRQHandler
                0x0800ac4c                SPI3_IRQHandler
                0x0800ac4c                I2C1_ER_IRQHandler
                0x0800ac4c                USBWakeUp_IRQHandler
                0x0800ac4c                DMA2_Channel3_IRQHandler
 *fill*         0x0800ac4e        0x2 
 .text.HAL_Init
                0x0800ac50       0x2c ./Drivers/STM32F1xx_HAL_Driver/Src/stm32f1xx_hal.o
                0x0800ac50                HAL_Init
 .text.HAL_InitTick
                0x0800ac7c       0x60 ./Drivers/STM32F1xx_HAL_Driver/Src/stm32f1xx_hal.o
                0x0800ac7c                HAL_InitTick
 .text.HAL_IncTick
                0x0800acdc       0x24 ./Drivers/STM32F1xx_HAL_Driver/Src/stm32f1xx_hal.o
                0x0800acdc                HAL_IncTick
 .text.HAL_GetTick
                0x0800ad00       0x14 ./Drivers/STM32F1xx_HAL_Driver/Src/stm32f1xx_hal.o
                0x0800ad00                HAL_GetTick
 .text.HAL_Delay
                0x0800ad14       0x48 ./Drivers/STM32F1xx_HAL_Driver/Src/stm32f1xx_hal.o
                0x0800ad14                HAL_Delay
 .text.__NVIC_SetPriorityGrouping
                0x0800ad5c       0x48 ./Drivers/STM32F1xx_HAL_Driver/Src/stm32f1xx_hal_cortex.o
 .text.__NVIC_GetPriorityGrouping
                0x0800ada4       0x1c ./Drivers/STM32F1xx_HAL_Driver/Src/stm32f1xx_hal_cortex.o
 .text.__NVIC_EnableIRQ
                0x0800adc0       0x38 ./Drivers/STM32F1xx_HAL_Driver/Src/stm32f1xx_hal_cortex.o
 .text.__NVIC_SetPriority
                0x0800adf8       0x54 ./Drivers/STM32F1xx_HAL_Driver/Src/stm32f1xx_hal_cortex.o
 .text.NVIC_EncodePriority
                0x0800ae4c       0x64 ./Drivers/STM32F1xx_HAL_Driver/Src/stm32f1xx_hal_cortex.o
 .text.SysTick_Config
                0x0800aeb0       0x44 ./Drivers/STM32F1xx_HAL_Driver/Src/stm32f1xx_hal_cortex.o
 .text.HAL_NVIC_SetPriorityGrouping
                0x0800aef4       0x16 ./Drivers/STM32F1xx_HAL_Driver/Src/stm32f1xx_hal_cortex.o
                0x0800aef4                HAL_NVIC_SetPriorityGrouping
 .text.HAL_NVIC_SetPriority
                0x0800af0a       0x38 ./Drivers/STM32F1xx_HAL_Driver/Src/stm32f1xx_hal_cortex.o
                0x0800af0a                HAL_NVIC_SetPriority
 .text.HAL_NVIC_EnableIRQ
                0x0800af42       0x1c ./Drivers/STM32F1xx_HAL_Driver/Src/stm32f1xx_hal_cortex.o
                0x0800af42                HAL_NVIC_EnableIRQ
 .text.HAL_SYSTICK_Config
                0x0800af5e       0x18 ./Drivers/STM32F1xx_HAL_Driver/Src/stm32f1xx_hal_cortex.o
                0x0800af5e                HAL_SYSTICK_Config
 *fill*         0x0800af76        0x2 
 .text.HAL_SYSTICK_CLKSourceConfig
                0x0800af78       0x38 ./Drivers/STM32F1xx_HAL_Driver/Src/stm32f1xx_hal_cortex.o
                0x0800af78                HAL_SYSTICK_CLKSourceConfig
 .text.HAL_DMA_Abort_IT
                0x0800afb0      0x210 ./Drivers/STM32F1xx_HAL_Driver/Src/stm32f1xx_hal_dma.o
                0x0800afb0                HAL_DMA_Abort_IT
 .text.HAL_GPIO_Init
                0x0800b1c0      0x328 ./Drivers/STM32F1xx_HAL_Driver/Src/stm32f1xx_hal_gpio.o
                0x0800b1c0                HAL_GPIO_Init
 .text.HAL_GPIO_ReadPin
                0x0800b4e8       0x2e ./Drivers/STM32F1xx_HAL_Driver/Src/stm32f1xx_hal_gpio.o
                0x0800b4e8                HAL_GPIO_ReadPin
 .text.HAL_GPIO_WritePin
                0x0800b516       0x30 ./Drivers/STM32F1xx_HAL_Driver/Src/stm32f1xx_hal_gpio.o
                0x0800b516                HAL_GPIO_WritePin
 *fill*         0x0800b546        0x2 
 .text.HAL_RCC_OscConfig
                0x0800b548      0x504 ./Drivers/STM32F1xx_HAL_Driver/Src/stm32f1xx_hal_rcc.o
                0x0800b548                HAL_RCC_OscConfig
 .text.HAL_RCC_ClockConfig
                0x0800ba4c      0x1d4 ./Drivers/STM32F1xx_HAL_Driver/Src/stm32f1xx_hal_rcc.o
                0x0800ba4c                HAL_RCC_ClockConfig
 .text.HAL_RCC_GetSysClockFreq
                0x0800bc20       0xa8 ./Drivers/STM32F1xx_HAL_Driver/Src/stm32f1xx_hal_rcc.o
                0x0800bc20                HAL_RCC_GetSysClockFreq
 .text.HAL_RCC_GetHCLKFreq
                0x0800bcc8       0x14 ./Drivers/STM32F1xx_HAL_Driver/Src/stm32f1xx_hal_rcc.o
                0x0800bcc8                HAL_RCC_GetHCLKFreq
 .text.HAL_RCC_GetPCLK1Freq
                0x0800bcdc       0x28 ./Drivers/STM32F1xx_HAL_Driver/Src/stm32f1xx_hal_rcc.o
                0x0800bcdc                HAL_RCC_GetPCLK1Freq
 .text.HAL_RCC_GetPCLK2Freq
                0x0800bd04       0x28 ./Drivers/STM32F1xx_HAL_Driver/Src/stm32f1xx_hal_rcc.o
                0x0800bd04                HAL_RCC_GetPCLK2Freq
 .text.RCC_Delay
                0x0800bd2c       0x3c ./Drivers/STM32F1xx_HAL_Driver/Src/stm32f1xx_hal_rcc.o
 .text.HAL_SPI_Init
                0x0800bd68      0x108 ./Drivers/STM32F1xx_HAL_Driver/Src/stm32f1xx_hal_spi.o
                0x0800bd68                HAL_SPI_Init
 .text.HAL_SPI_IRQHandler
                0x0800be70      0x1bc ./Drivers/STM32F1xx_HAL_Driver/Src/stm32f1xx_hal_spi.o
                0x0800be70                HAL_SPI_IRQHandler
 .text.HAL_SPI_ErrorCallback
                0x0800c02c       0x12 ./Drivers/STM32F1xx_HAL_Driver/Src/stm32f1xx_hal_spi.o
                0x0800c02c                HAL_SPI_ErrorCallback
 .text.SPI_DMAAbortOnError
                0x0800c03e       0x28 ./Drivers/STM32F1xx_HAL_Driver/Src/stm32f1xx_hal_spi.o
 .text.HAL_TIM_Base_Init
                0x0800c066       0x9e ./Drivers/STM32F1xx_HAL_Driver/Src/stm32f1xx_hal_tim.o
                0x0800c066                HAL_TIM_Base_Init
 .text.HAL_TIM_Base_Start_IT
                0x0800c104       0xc0 ./Drivers/STM32F1xx_HAL_Driver/Src/stm32f1xx_hal_tim.o
                0x0800c104                HAL_TIM_Base_Start_IT
 .text.HAL_TIM_IRQHandler
                0x0800c1c4      0x1e0 ./Drivers/STM32F1xx_HAL_Driver/Src/stm32f1xx_hal_tim.o
                0x0800c1c4                HAL_TIM_IRQHandler
 .text.HAL_TIM_ConfigClockSource
                0x0800c3a4      0x18e ./Drivers/STM32F1xx_HAL_Driver/Src/stm32f1xx_hal_tim.o
                0x0800c3a4                HAL_TIM_ConfigClockSource
 .text.HAL_TIM_PeriodElapsedCallback
                0x0800c532       0x12 ./Drivers/STM32F1xx_HAL_Driver/Src/stm32f1xx_hal_tim.o
                0x0800c532                HAL_TIM_PeriodElapsedCallback
 .text.HAL_TIM_OC_DelayElapsedCallback
                0x0800c544       0x12 ./Drivers/STM32F1xx_HAL_Driver/Src/stm32f1xx_hal_tim.o
                0x0800c544                HAL_TIM_OC_DelayElapsedCallback
 .text.HAL_TIM_IC_CaptureCallback
                0x0800c556       0x12 ./Drivers/STM32F1xx_HAL_Driver/Src/stm32f1xx_hal_tim.o
                0x0800c556                HAL_TIM_IC_CaptureCallback
 .text.HAL_TIM_PWM_PulseFinishedCallback
                0x0800c568       0x12 ./Drivers/STM32F1xx_HAL_Driver/Src/stm32f1xx_hal_tim.o
                0x0800c568                HAL_TIM_PWM_PulseFinishedCallback
 .text.HAL_TIM_TriggerCallback
                0x0800c57a       0x12 ./Drivers/STM32F1xx_HAL_Driver/Src/stm32f1xx_hal_tim.o
                0x0800c57a                HAL_TIM_TriggerCallback
 .text.TIM_Base_SetConfig
                0x0800c58c      0x10c ./Drivers/STM32F1xx_HAL_Driver/Src/stm32f1xx_hal_tim.o
                0x0800c58c                TIM_Base_SetConfig
 .text.TIM_TI1_ConfigInputStage
                0x0800c698       0x5c ./Drivers/STM32F1xx_HAL_Driver/Src/stm32f1xx_hal_tim.o
 .text.TIM_TI2_ConfigInputStage
                0x0800c6f4       0x5e ./Drivers/STM32F1xx_HAL_Driver/Src/stm32f1xx_hal_tim.o
 .text.TIM_ITRx_SetConfig
                0x0800c752       0x34 ./Drivers/STM32F1xx_HAL_Driver/Src/stm32f1xx_hal_tim.o
 .text.TIM_ETR_SetConfig
                0x0800c786       0x3e ./Drivers/STM32F1xx_HAL_Driver/Src/stm32f1xx_hal_tim.o
                0x0800c786                TIM_ETR_SetConfig
 .text.HAL_TIMEx_MasterConfigSynchronization
                0x0800c7c4       0xd8 ./Drivers/STM32F1xx_HAL_Driver/Src/stm32f1xx_hal_tim_ex.o
                0x0800c7c4                HAL_TIMEx_MasterConfigSynchronization
 .text.HAL_TIMEx_CommutCallback
                0x0800c89c       0x12 ./Drivers/STM32F1xx_HAL_Driver/Src/stm32f1xx_hal_tim_ex.o
                0x0800c89c                HAL_TIMEx_CommutCallback
 .text.HAL_TIMEx_BreakCallback
                0x0800c8ae       0x12 ./Drivers/STM32F1xx_HAL_Driver/Src/stm32f1xx_hal_tim_ex.o
                0x0800c8ae                HAL_TIMEx_BreakCallback
 .text.HAL_UART_Init
                0x0800c8c0       0xa0 ./Drivers/STM32F1xx_HAL_Driver/Src/stm32f1xx_hal_uart.o
                0x0800c8c0                HAL_UART_Init
 .text.UART_SetConfig
                0x0800c960      0x11c ./Drivers/STM32F1xx_HAL_Driver/Src/stm32f1xx_hal_uart.o
 .text.srand    0x0800ca7c       0x5c D:/STM32CubeIDE_1.16.0/STM32CubeIDE/plugins/com.st.stm32cube.ide.mcu.externaltools.gnu-tools-for-stm32.12.3.rel1.win32_1.0.200.202406191623/tools/bin/../lib/gcc/arm-none-eabi/12.3.1/../../../../arm-none-eabi/lib/thumb/v7-m/nofp\libc_nano.a(libc_a-rand.o)
                0x0800ca7c                srand
 .text.rand     0x0800cad8       0x7c D:/STM32CubeIDE_1.16.0/STM32CubeIDE/plugins/com.st.stm32cube.ide.mcu.externaltools.gnu-tools-for-stm32.12.3.rel1.win32_1.0.200.202406191623/tools/bin/../lib/gcc/arm-none-eabi/12.3.1/../../../../arm-none-eabi/lib/thumb/v7-m/nofp\libc_nano.a(libc_a-rand.o)
                0x0800cad8                rand
 .text.std      0x0800cb54       0x6c D:/STM32CubeIDE_1.16.0/STM32CubeIDE/plugins/com.st.stm32cube.ide.mcu.externaltools.gnu-tools-for-stm32.12.3.rel1.win32_1.0.200.202406191623/tools/bin/../lib/gcc/arm-none-eabi/12.3.1/../../../../arm-none-eabi/lib/thumb/v7-m/nofp\libc_nano.a(libc_a-findfp.o)
 .text.stdio_exit_handler
                0x0800cbc0       0x18 D:/STM32CubeIDE_1.16.0/STM32CubeIDE/plugins/com.st.stm32cube.ide.mcu.externaltools.gnu-tools-for-stm32.12.3.rel1.win32_1.0.200.202406191623/tools/bin/../lib/gcc/arm-none-eabi/12.3.1/../../../../arm-none-eabi/lib/thumb/v7-m/nofp\libc_nano.a(libc_a-findfp.o)
 .text.cleanup_stdio
                0x0800cbd8       0x40 D:/STM32CubeIDE_1.16.0/STM32CubeIDE/plugins/com.st.stm32cube.ide.mcu.externaltools.gnu-tools-for-stm32.12.3.rel1.win32_1.0.200.202406191623/tools/bin/../lib/gcc/arm-none-eabi/12.3.1/../../../../arm-none-eabi/lib/thumb/v7-m/nofp\libc_nano.a(libc_a-findfp.o)
 .text.global_stdio_init.part.0
                0x0800cc18       0x3c D:/STM32CubeIDE_1.16.0/STM32CubeIDE/plugins/com.st.stm32cube.ide.mcu.externaltools.gnu-tools-for-stm32.12.3.rel1.win32_1.0.200.202406191623/tools/bin/../lib/gcc/arm-none-eabi/12.3.1/../../../../arm-none-eabi/lib/thumb/v7-m/nofp\libc_nano.a(libc_a-findfp.o)
 .text.__sfp_lock_acquire
                0x0800cc54        0xc D:/STM32CubeIDE_1.16.0/STM32CubeIDE/plugins/com.st.stm32cube.ide.mcu.externaltools.gnu-tools-for-stm32.12.3.rel1.win32_1.0.200.202406191623/tools/bin/../lib/gcc/arm-none-eabi/12.3.1/../../../../arm-none-eabi/lib/thumb/v7-m/nofp\libc_nano.a(libc_a-findfp.o)
                0x0800cc54                __sfp_lock_acquire
 .text.__sfp_lock_release
                0x0800cc60        0xc D:/STM32CubeIDE_1.16.0/STM32CubeIDE/plugins/com.st.stm32cube.ide.mcu.externaltools.gnu-tools-for-stm32.12.3.rel1.win32_1.0.200.202406191623/tools/bin/../lib/gcc/arm-none-eabi/12.3.1/../../../../arm-none-eabi/lib/thumb/v7-m/nofp\libc_nano.a(libc_a-findfp.o)
                0x0800cc60                __sfp_lock_release
 .text.__sinit  0x0800cc6c       0x30 D:/STM32CubeIDE_1.16.0/STM32CubeIDE/plugins/com.st.stm32cube.ide.mcu.externaltools.gnu-tools-for-stm32.12.3.rel1.win32_1.0.200.202406191623/tools/bin/../lib/gcc/arm-none-eabi/12.3.1/../../../../arm-none-eabi/lib/thumb/v7-m/nofp\libc_nano.a(libc_a-findfp.o)
                0x0800cc6c                __sinit
 .text._fwalk_sglue
                0x0800cc9c       0x3c D:/STM32CubeIDE_1.16.0/STM32CubeIDE/plugins/com.st.stm32cube.ide.mcu.externaltools.gnu-tools-for-stm32.12.3.rel1.win32_1.0.200.202406191623/tools/bin/../lib/gcc/arm-none-eabi/12.3.1/../../../../arm-none-eabi/lib/thumb/v7-m/nofp\libc_nano.a(libc_a-fwalk.o)
                0x0800cc9c                _fwalk_sglue
 .text.printf   0x0800ccd8       0x24 D:/STM32CubeIDE_1.16.0/STM32CubeIDE/plugins/com.st.stm32cube.ide.mcu.externaltools.gnu-tools-for-stm32.12.3.rel1.win32_1.0.200.202406191623/tools/bin/../lib/gcc/arm-none-eabi/12.3.1/../../../../arm-none-eabi/lib/thumb/v7-m/nofp\libc_nano.a(libc_a-printf.o)
                0x0800ccd8                iprintf
                0x0800ccd8                printf
 .text.sprintf  0x0800ccfc       0x40 D:/STM32CubeIDE_1.16.0/STM32CubeIDE/plugins/com.st.stm32cube.ide.mcu.externaltools.gnu-tools-for-stm32.12.3.rel1.win32_1.0.200.202406191623/tools/bin/../lib/gcc/arm-none-eabi/12.3.1/../../../../arm-none-eabi/lib/thumb/v7-m/nofp\libc_nano.a(libc_a-sprintf.o)
                0x0800ccfc                siprintf
                0x0800ccfc                sprintf
 .text.__sread  0x0800cd3c       0x22 D:/STM32CubeIDE_1.16.0/STM32CubeIDE/plugins/com.st.stm32cube.ide.mcu.externaltools.gnu-tools-for-stm32.12.3.rel1.win32_1.0.200.202406191623/tools/bin/../lib/gcc/arm-none-eabi/12.3.1/../../../../arm-none-eabi/lib/thumb/v7-m/nofp\libc_nano.a(libc_a-stdio.o)
                0x0800cd3c                __sread
 .text.__swrite
                0x0800cd5e       0x38 D:/STM32CubeIDE_1.16.0/STM32CubeIDE/plugins/com.st.stm32cube.ide.mcu.externaltools.gnu-tools-for-stm32.12.3.rel1.win32_1.0.200.202406191623/tools/bin/../lib/gcc/arm-none-eabi/12.3.1/../../../../arm-none-eabi/lib/thumb/v7-m/nofp\libc_nano.a(libc_a-stdio.o)
                0x0800cd5e                __swrite
 .text.__sseek  0x0800cd96       0x24 D:/STM32CubeIDE_1.16.0/STM32CubeIDE/plugins/com.st.stm32cube.ide.mcu.externaltools.gnu-tools-for-stm32.12.3.rel1.win32_1.0.200.202406191623/tools/bin/../lib/gcc/arm-none-eabi/12.3.1/../../../../arm-none-eabi/lib/thumb/v7-m/nofp\libc_nano.a(libc_a-stdio.o)
                0x0800cd96                __sseek
 .text.__sclose
                0x0800cdba        0x8 D:/STM32CubeIDE_1.16.0/STM32CubeIDE/plugins/com.st.stm32cube.ide.mcu.externaltools.gnu-tools-for-stm32.12.3.rel1.win32_1.0.200.202406191623/tools/bin/../lib/gcc/arm-none-eabi/12.3.1/../../../../arm-none-eabi/lib/thumb/v7-m/nofp\libc_nano.a(libc_a-stdio.o)
                0x0800cdba                __sclose
 .text.memset   0x0800cdc2       0x10 D:/STM32CubeIDE_1.16.0/STM32CubeIDE/plugins/com.st.stm32cube.ide.mcu.externaltools.gnu-tools-for-stm32.12.3.rel1.win32_1.0.200.202406191623/tools/bin/../lib/gcc/arm-none-eabi/12.3.1/../../../../arm-none-eabi/lib/thumb/v7-m/nofp\libc_nano.a(libc_a-memset.o)
                0x0800cdc2                memset
 *fill*         0x0800cdd2        0x2 
 .text._close_r
                0x0800cdd4       0x20 D:/STM32CubeIDE_1.16.0/STM32CubeIDE/plugins/com.st.stm32cube.ide.mcu.externaltools.gnu-tools-for-stm32.12.3.rel1.win32_1.0.200.202406191623/tools/bin/../lib/gcc/arm-none-eabi/12.3.1/../../../../arm-none-eabi/lib/thumb/v7-m/nofp\libc_nano.a(libc_a-closer.o)
                0x0800cdd4                _close_r
 .text._lseek_r
                0x0800cdf4       0x24 D:/STM32CubeIDE_1.16.0/STM32CubeIDE/plugins/com.st.stm32cube.ide.mcu.externaltools.gnu-tools-for-stm32.12.3.rel1.win32_1.0.200.202406191623/tools/bin/../lib/gcc/arm-none-eabi/12.3.1/../../../../arm-none-eabi/lib/thumb/v7-m/nofp\libc_nano.a(libc_a-lseekr.o)
                0x0800cdf4                _lseek_r
 .text._read_r  0x0800ce18       0x24 D:/STM32CubeIDE_1.16.0/STM32CubeIDE/plugins/com.st.stm32cube.ide.mcu.externaltools.gnu-tools-for-stm32.12.3.rel1.win32_1.0.200.202406191623/tools/bin/../lib/gcc/arm-none-eabi/12.3.1/../../../../arm-none-eabi/lib/thumb/v7-m/nofp\libc_nano.a(libc_a-readr.o)
                0x0800ce18                _read_r
 .text._write_r
                0x0800ce3c       0x24 D:/STM32CubeIDE_1.16.0/STM32CubeIDE/plugins/com.st.stm32cube.ide.mcu.externaltools.gnu-tools-for-stm32.12.3.rel1.win32_1.0.200.202406191623/tools/bin/../lib/gcc/arm-none-eabi/12.3.1/../../../../arm-none-eabi/lib/thumb/v7-m/nofp\libc_nano.a(libc_a-writer.o)
                0x0800ce3c                _write_r
 .text.__errno  0x0800ce60        0xc D:/STM32CubeIDE_1.16.0/STM32CubeIDE/plugins/com.st.stm32cube.ide.mcu.externaltools.gnu-tools-for-stm32.12.3.rel1.win32_1.0.200.202406191623/tools/bin/../lib/gcc/arm-none-eabi/12.3.1/../../../../arm-none-eabi/lib/thumb/v7-m/nofp\libc_nano.a(libc_a-errno.o)
                0x0800ce60                __errno
 .text.__libc_init_array
                0x0800ce6c       0x48 D:/STM32CubeIDE_1.16.0/STM32CubeIDE/plugins/com.st.stm32cube.ide.mcu.externaltools.gnu-tools-for-stm32.12.3.rel1.win32_1.0.200.202406191623/tools/bin/../lib/gcc/arm-none-eabi/12.3.1/../../../../arm-none-eabi/lib/thumb/v7-m/nofp\libc_nano.a(libc_a-init.o)
                0x0800ce6c                __libc_init_array
 .text.__retarget_lock_init_recursive
                0x0800ceb4        0x2 D:/STM32CubeIDE_1.16.0/STM32CubeIDE/plugins/com.st.stm32cube.ide.mcu.externaltools.gnu-tools-for-stm32.12.3.rel1.win32_1.0.200.202406191623/tools/bin/../lib/gcc/arm-none-eabi/12.3.1/../../../../arm-none-eabi/lib/thumb/v7-m/nofp\libc_nano.a(libc_a-lock.o)
                0x0800ceb4                __retarget_lock_init_recursive
 .text.__retarget_lock_acquire_recursive
                0x0800ceb6        0x2 D:/STM32CubeIDE_1.16.0/STM32CubeIDE/plugins/com.st.stm32cube.ide.mcu.externaltools.gnu-tools-for-stm32.12.3.rel1.win32_1.0.200.202406191623/tools/bin/../lib/gcc/arm-none-eabi/12.3.1/../../../../arm-none-eabi/lib/thumb/v7-m/nofp\libc_nano.a(libc_a-lock.o)
                0x0800ceb6                __retarget_lock_acquire_recursive
 .text.__retarget_lock_release_recursive
                0x0800ceb8        0x2 D:/STM32CubeIDE_1.16.0/STM32CubeIDE/plugins/com.st.stm32cube.ide.mcu.externaltools.gnu-tools-for-stm32.12.3.rel1.win32_1.0.200.202406191623/tools/bin/../lib/gcc/arm-none-eabi/12.3.1/../../../../arm-none-eabi/lib/thumb/v7-m/nofp\libc_nano.a(libc_a-lock.o)
                0x0800ceb8                __retarget_lock_release_recursive
 *fill*         0x0800ceba        0x2 
 .text.__assert_func
                0x0800cebc       0x3c D:/STM32CubeIDE_1.16.0/STM32CubeIDE/plugins/com.st.stm32cube.ide.mcu.externaltools.gnu-tools-for-stm32.12.3.rel1.win32_1.0.200.202406191623/tools/bin/../lib/gcc/arm-none-eabi/12.3.1/../../../../arm-none-eabi/lib/thumb/v7-m/nofp\libc_nano.a(libc_a-assert.o)
                0x0800cebc                __assert_func
 .text._free_r  0x0800cef8       0x90 D:/STM32CubeIDE_1.16.0/STM32CubeIDE/plugins/com.st.stm32cube.ide.mcu.externaltools.gnu-tools-for-stm32.12.3.rel1.win32_1.0.200.202406191623/tools/bin/../lib/gcc/arm-none-eabi/12.3.1/../../../../arm-none-eabi/lib/thumb/v7-m/nofp\libc_nano.a(libc_a-freer.o)
                0x0800cef8                _free_r
 .text.malloc   0x0800cf88       0x10 D:/STM32CubeIDE_1.16.0/STM32CubeIDE/plugins/com.st.stm32cube.ide.mcu.externaltools.gnu-tools-for-stm32.12.3.rel1.win32_1.0.200.202406191623/tools/bin/../lib/gcc/arm-none-eabi/12.3.1/../../../../arm-none-eabi/lib/thumb/v7-m/nofp\libc_nano.a(libc_a-malloc.o)
                0x0800cf88                malloc
 .text.sbrk_aligned
                0x0800cf98       0x44 D:/STM32CubeIDE_1.16.0/STM32CubeIDE/plugins/com.st.stm32cube.ide.mcu.externaltools.gnu-tools-for-stm32.12.3.rel1.win32_1.0.200.202406191623/tools/bin/../lib/gcc/arm-none-eabi/12.3.1/../../../../arm-none-eabi/lib/thumb/v7-m/nofp\libc_nano.a(libc_a-mallocr.o)
 .text._malloc_r
                0x0800cfdc      0x100 D:/STM32CubeIDE_1.16.0/STM32CubeIDE/plugins/com.st.stm32cube.ide.mcu.externaltools.gnu-tools-for-stm32.12.3.rel1.win32_1.0.200.202406191623/tools/bin/../lib/gcc/arm-none-eabi/12.3.1/../../../../arm-none-eabi/lib/thumb/v7-m/nofp\libc_nano.a(libc_a-mallocr.o)
                0x0800cfdc                _malloc_r
 .text.__malloc_lock
                0x0800d0dc        0xc D:/STM32CubeIDE_1.16.0/STM32CubeIDE/plugins/com.st.stm32cube.ide.mcu.externaltools.gnu-tools-for-stm32.12.3.rel1.win32_1.0.200.202406191623/tools/bin/../lib/gcc/arm-none-eabi/12.3.1/../../../../arm-none-eabi/lib/thumb/v7-m/nofp\libc_nano.a(libc_a-mlock.o)
                0x0800d0dc                __malloc_lock
 .text.__malloc_unlock
                0x0800d0e8        0xc D:/STM32CubeIDE_1.16.0/STM32CubeIDE/plugins/com.st.stm32cube.ide.mcu.externaltools.gnu-tools-for-stm32.12.3.rel1.win32_1.0.200.202406191623/tools/bin/../lib/gcc/arm-none-eabi/12.3.1/../../../../arm-none-eabi/lib/thumb/v7-m/nofp\libc_nano.a(libc_a-mlock.o)
                0x0800d0e8                __malloc_unlock
 .text.__ssputs_r
                0x0800d0f4       0xb6 D:/STM32CubeIDE_1.16.0/STM32CubeIDE/plugins/com.st.stm32cube.ide.mcu.externaltools.gnu-tools-for-stm32.12.3.rel1.win32_1.0.200.202406191623/tools/bin/../lib/gcc/arm-none-eabi/12.3.1/../../../../arm-none-eabi/lib/thumb/v7-m/nofp\libc_nano.a(libc_a-nano-svfprintf.o)
                0x0800d0f4                __ssputs_r
 *fill*         0x0800d1aa        0x2 
 .text._svfprintf_r
                0x0800d1ac      0x1f8 D:/STM32CubeIDE_1.16.0/STM32CubeIDE/plugins/com.st.stm32cube.ide.mcu.externaltools.gnu-tools-for-stm32.12.3.rel1.win32_1.0.200.202406191623/tools/bin/../lib/gcc/arm-none-eabi/12.3.1/../../../../arm-none-eabi/lib/thumb/v7-m/nofp\libc_nano.a(libc_a-nano-svfprintf.o)
                0x0800d1ac                _svfiprintf_r
                0x0800d1ac                _svfprintf_r
 .text.__sfputc_r
                0x0800d3a4       0x2a D:/STM32CubeIDE_1.16.0/STM32CubeIDE/plugins/com.st.stm32cube.ide.mcu.externaltools.gnu-tools-for-stm32.12.3.rel1.win32_1.0.200.202406191623/tools/bin/../lib/gcc/arm-none-eabi/12.3.1/../../../../arm-none-eabi/lib/thumb/v7-m/nofp\libc_nano.a(libc_a-nano-vfprintf.o)
 .text.__sfputs_r
                0x0800d3ce       0x24 D:/STM32CubeIDE_1.16.0/STM32CubeIDE/plugins/com.st.stm32cube.ide.mcu.externaltools.gnu-tools-for-stm32.12.3.rel1.win32_1.0.200.202406191623/tools/bin/../lib/gcc/arm-none-eabi/12.3.1/../../../../arm-none-eabi/lib/thumb/v7-m/nofp\libc_nano.a(libc_a-nano-vfprintf.o)
                0x0800d3ce                __sfputs_r
 *fill*         0x0800d3f2        0x2 
 .text._vfprintf_r
                0x0800d3f4      0x230 D:/STM32CubeIDE_1.16.0/STM32CubeIDE/plugins/com.st.stm32cube.ide.mcu.externaltools.gnu-tools-for-stm32.12.3.rel1.win32_1.0.200.202406191623/tools/bin/../lib/gcc/arm-none-eabi/12.3.1/../../../../arm-none-eabi/lib/thumb/v7-m/nofp\libc_nano.a(libc_a-nano-vfprintf.o)
                0x0800d3f4                _vfprintf_r
                0x0800d3f4                _vfiprintf_r
 .text._printf_common
                0x0800d624       0xe4 D:/STM32CubeIDE_1.16.0/STM32CubeIDE/plugins/com.st.stm32cube.ide.mcu.externaltools.gnu-tools-for-stm32.12.3.rel1.win32_1.0.200.202406191623/tools/bin/../lib/gcc/arm-none-eabi/12.3.1/../../../../arm-none-eabi/lib/thumb/v7-m/nofp\libc_nano.a(libc_a-nano-vfprintf_i.o)
                0x0800d624                _printf_common
 .text._printf_i
                0x0800d708      0x240 D:/STM32CubeIDE_1.16.0/STM32CubeIDE/plugins/com.st.stm32cube.ide.mcu.externaltools.gnu-tools-for-stm32.12.3.rel1.win32_1.0.200.202406191623/tools/bin/../lib/gcc/arm-none-eabi/12.3.1/../../../../arm-none-eabi/lib/thumb/v7-m/nofp\libc_nano.a(libc_a-nano-vfprintf_i.o)
                0x0800d708                _printf_i
 .text.__sflush_r
                0x0800d948      0x100 D:/STM32CubeIDE_1.16.0/STM32CubeIDE/plugins/com.st.stm32cube.ide.mcu.externaltools.gnu-tools-for-stm32.12.3.rel1.win32_1.0.200.202406191623/tools/bin/../lib/gcc/arm-none-eabi/12.3.1/../../../../arm-none-eabi/lib/thumb/v7-m/nofp\libc_nano.a(libc_a-fflush.o)
                0x0800d948                __sflush_r
 .text._fflush_r
                0x0800da48       0x50 D:/STM32CubeIDE_1.16.0/STM32CubeIDE/plugins/com.st.stm32cube.ide.mcu.externaltools.gnu-tools-for-stm32.12.3.rel1.win32_1.0.200.202406191623/tools/bin/../lib/gcc/arm-none-eabi/12.3.1/../../../../arm-none-eabi/lib/thumb/v7-m/nofp\libc_nano.a(libc_a-fflush.o)
                0x0800da48                _fflush_r
 .text.fprintf  0x0800da98       0x24 D:/STM32CubeIDE_1.16.0/STM32CubeIDE/plugins/com.st.stm32cube.ide.mcu.externaltools.gnu-tools-for-stm32.12.3.rel1.win32_1.0.200.202406191623/tools/bin/../lib/gcc/arm-none-eabi/12.3.1/../../../../arm-none-eabi/lib/thumb/v7-m/nofp\libc_nano.a(libc_a-fprintf.o)
                0x0800da98                fiprintf
                0x0800da98                fprintf
 .text.__swbuf_r
                0x0800dabc       0x7c D:/STM32CubeIDE_1.16.0/STM32CubeIDE/plugins/com.st.stm32cube.ide.mcu.externaltools.gnu-tools-for-stm32.12.3.rel1.win32_1.0.200.202406191623/tools/bin/../lib/gcc/arm-none-eabi/12.3.1/../../../../arm-none-eabi/lib/thumb/v7-m/nofp\libc_nano.a(libc_a-wbuf.o)
                0x0800dabc                __swbuf_r
 .text.__swsetup_r
                0x0800db38       0xac D:/STM32CubeIDE_1.16.0/STM32CubeIDE/plugins/com.st.stm32cube.ide.mcu.externaltools.gnu-tools-for-stm32.12.3.rel1.win32_1.0.200.202406191623/tools/bin/../lib/gcc/arm-none-eabi/12.3.1/../../../../arm-none-eabi/lib/thumb/v7-m/nofp\libc_nano.a(libc_a-wsetup.o)
                0x0800db38                __swsetup_r
 .text.memmove  0x0800dbe4       0x34 D:/STM32CubeIDE_1.16.0/STM32CubeIDE/plugins/com.st.stm32cube.ide.mcu.externaltools.gnu-tools-for-stm32.12.3.rel1.win32_1.0.200.202406191623/tools/bin/../lib/gcc/arm-none-eabi/12.3.1/../../../../arm-none-eabi/lib/thumb/v7-m/nofp\libc_nano.a(libc_a-memmove.o)
                0x0800dbe4                memmove
 .text._sbrk_r  0x0800dc18       0x20 D:/STM32CubeIDE_1.16.0/STM32CubeIDE/plugins/com.st.stm32cube.ide.mcu.externaltools.gnu-tools-for-stm32.12.3.rel1.win32_1.0.200.202406191623/tools/bin/../lib/gcc/arm-none-eabi/12.3.1/../../../../arm-none-eabi/lib/thumb/v7-m/nofp\libc_nano.a(libc_a-sbrkr.o)
                0x0800dc18                _sbrk_r
 .text.memchr   0x0800dc38       0x1c D:/STM32CubeIDE_1.16.0/STM32CubeIDE/plugins/com.st.stm32cube.ide.mcu.externaltools.gnu-tools-for-stm32.12.3.rel1.win32_1.0.200.202406191623/tools/bin/../lib/gcc/arm-none-eabi/12.3.1/../../../../arm-none-eabi/lib/thumb/v7-m/nofp\libc_nano.a(libc_a-memchr-stub.o)
                0x0800dc38                memchr
 .text.memcpy   0x0800dc54       0x1c D:/STM32CubeIDE_1.16.0/STM32CubeIDE/plugins/com.st.stm32cube.ide.mcu.externaltools.gnu-tools-for-stm32.12.3.rel1.win32_1.0.200.202406191623/tools/bin/../lib/gcc/arm-none-eabi/12.3.1/../../../../arm-none-eabi/lib/thumb/v7-m/nofp\libc_nano.a(libc_a-memcpy-stub.o)
                0x0800dc54                memcpy
 .text.abort    0x0800dc70        0xe D:/STM32CubeIDE_1.16.0/STM32CubeIDE/plugins/com.st.stm32cube.ide.mcu.externaltools.gnu-tools-for-stm32.12.3.rel1.win32_1.0.200.202406191623/tools/bin/../lib/gcc/arm-none-eabi/12.3.1/../../../../arm-none-eabi/lib/thumb/v7-m/nofp\libc_nano.a(libc_a-abort.o)
                0x0800dc70                abort
 .text._realloc_r
                0x0800dc7e       0x5c D:/STM32CubeIDE_1.16.0/STM32CubeIDE/plugins/com.st.stm32cube.ide.mcu.externaltools.gnu-tools-for-stm32.12.3.rel1.win32_1.0.200.202406191623/tools/bin/../lib/gcc/arm-none-eabi/12.3.1/../../../../arm-none-eabi/lib/thumb/v7-m/nofp\libc_nano.a(libc_a-reallocr.o)
                0x0800dc7e                _realloc_r
 .text.__swhatbuf_r
                0x0800dcda       0x4a D:/STM32CubeIDE_1.16.0/STM32CubeIDE/plugins/com.st.stm32cube.ide.mcu.externaltools.gnu-tools-for-stm32.12.3.rel1.win32_1.0.200.202406191623/tools/bin/../lib/gcc/arm-none-eabi/12.3.1/../../../../arm-none-eabi/lib/thumb/v7-m/nofp\libc_nano.a(libc_a-makebuf.o)
                0x0800dcda                __swhatbuf_r
 .text.__smakebuf_r
                0x0800dd24       0x78 D:/STM32CubeIDE_1.16.0/STM32CubeIDE/plugins/com.st.stm32cube.ide.mcu.externaltools.gnu-tools-for-stm32.12.3.rel1.win32_1.0.200.202406191623/tools/bin/../lib/gcc/arm-none-eabi/12.3.1/../../../../arm-none-eabi/lib/thumb/v7-m/nofp\libc_nano.a(libc_a-makebuf.o)
                0x0800dd24                __smakebuf_r
 .text._raise_r
                0x0800dd9c       0x50 D:/STM32CubeIDE_1.16.0/STM32CubeIDE/plugins/com.st.stm32cube.ide.mcu.externaltools.gnu-tools-for-stm32.12.3.rel1.win32_1.0.200.202406191623/tools/bin/../lib/gcc/arm-none-eabi/12.3.1/../../../../arm-none-eabi/lib/thumb/v7-m/nofp\libc_nano.a(libc_a-signal.o)
                0x0800dd9c                _raise_r
 .text.raise    0x0800ddec       0x10 D:/STM32CubeIDE_1.16.0/STM32CubeIDE/plugins/com.st.stm32cube.ide.mcu.externaltools.gnu-tools-for-stm32.12.3.rel1.win32_1.0.200.202406191623/tools/bin/../lib/gcc/arm-none-eabi/12.3.1/../../../../arm-none-eabi/lib/thumb/v7-m/nofp\libc_nano.a(libc_a-signal.o)
                0x0800ddec                raise
 .text._fstat_r
                0x0800ddfc       0x24 D:/STM32CubeIDE_1.16.0/STM32CubeIDE/plugins/com.st.stm32cube.ide.mcu.externaltools.gnu-tools-for-stm32.12.3.rel1.win32_1.0.200.202406191623/tools/bin/../lib/gcc/arm-none-eabi/12.3.1/../../../../arm-none-eabi/lib/thumb/v7-m/nofp\libc_nano.a(libc_a-fstatr.o)
                0x0800ddfc                _fstat_r
 .text._isatty_r
                0x0800de20       0x20 D:/STM32CubeIDE_1.16.0/STM32CubeIDE/plugins/com.st.stm32cube.ide.mcu.externaltools.gnu-tools-for-stm32.12.3.rel1.win32_1.0.200.202406191623/tools/bin/../lib/gcc/arm-none-eabi/12.3.1/../../../../arm-none-eabi/lib/thumb/v7-m/nofp\libc_nano.a(libc_a-isattyr.o)
                0x0800de20                _isatty_r
 .text._kill_r  0x0800de40       0x24 D:/STM32CubeIDE_1.16.0/STM32CubeIDE/plugins/com.st.stm32cube.ide.mcu.externaltools.gnu-tools-for-stm32.12.3.rel1.win32_1.0.200.202406191623/tools/bin/../lib/gcc/arm-none-eabi/12.3.1/../../../../arm-none-eabi/lib/thumb/v7-m/nofp\libc_nano.a(libc_a-signalr.o)
                0x0800de40                _kill_r
 .text._getpid_r
                0x0800de64        0x4 D:/STM32CubeIDE_1.16.0/STM32CubeIDE/plugins/com.st.stm32cube.ide.mcu.externaltools.gnu-tools-for-stm32.12.3.rel1.win32_1.0.200.202406191623/tools/bin/../lib/gcc/arm-none-eabi/12.3.1/../../../../arm-none-eabi/lib/thumb/v7-m/nofp\libc_nano.a(libc_a-signalr.o)
                0x0800de64                _getpid_r
 .text._malloc_usable_size_r
                0x0800de68       0x10 D:/STM32CubeIDE_1.16.0/STM32CubeIDE/plugins/com.st.stm32cube.ide.mcu.externaltools.gnu-tools-for-stm32.12.3.rel1.win32_1.0.200.202406191623/tools/bin/../lib/gcc/arm-none-eabi/12.3.1/../../../../arm-none-eabi/lib/thumb/v7-m/nofp\libc_nano.a(libc_a-msizer.o)
                0x0800de68                _malloc_usable_size_r
 .text.sqrt     0x0800de78       0x48 D:/STM32CubeIDE_1.16.0/STM32CubeIDE/plugins/com.st.stm32cube.ide.mcu.externaltools.gnu-tools-for-stm32.12.3.rel1.win32_1.0.200.202406191623/tools/bin/../lib/gcc/arm-none-eabi/12.3.1/../../../../arm-none-eabi/lib/thumb/v7-m/nofp\libm.a(libm_a-w_sqrt.o)
                0x0800de78                sqrt
 .text.sqrtf    0x0800dec0       0x34 D:/STM32CubeIDE_1.16.0/STM32CubeIDE/plugins/com.st.stm32cube.ide.mcu.externaltools.gnu-tools-for-stm32.12.3.rel1.win32_1.0.200.202406191623/tools/bin/../lib/gcc/arm-none-eabi/12.3.1/../../../../arm-none-eabi/lib/thumb/v7-m/nofp\libm.a(libm_a-wf_sqrt.o)
                0x0800dec0                sqrtf
 .text.__ieee754_sqrt
                0x0800def4      0x1ac D:/STM32CubeIDE_1.16.0/STM32CubeIDE/plugins/com.st.stm32cube.ide.mcu.externaltools.gnu-tools-for-stm32.12.3.rel1.win32_1.0.200.202406191623/tools/bin/../lib/gcc/arm-none-eabi/12.3.1/../../../../arm-none-eabi/lib/thumb/v7-m/nofp\libm.a(libm_a-e_sqrt.o)
                0x0800def4                __ieee754_sqrt
 .text.__ieee754_sqrtf
                0x0800e0a0       0xe0 D:/STM32CubeIDE_1.16.0/STM32CubeIDE/plugins/com.st.stm32cube.ide.mcu.externaltools.gnu-tools-for-stm32.12.3.rel1.win32_1.0.200.202406191623/tools/bin/../lib/gcc/arm-none-eabi/12.3.1/../../../../arm-none-eabi/lib/thumb/v7-m/nofp\libm.a(libm_a-ef_sqrt.o)
                0x0800e0a0                __ieee754_sqrtf
 *(.glue_7)
 .glue_7        0x0800e180        0x0 linker stubs
 *(.glue_7t)
 .glue_7t       0x0800e180        0x0 linker stubs
 *(.eh_frame)
 .eh_frame      0x0800e180        0x0 D:/STM32CubeIDE_1.16.0/STM32CubeIDE/plugins/com.st.stm32cube.ide.mcu.externaltools.gnu-tools-for-stm32.12.3.rel1.win32_1.0.200.202406191623/tools/bin/../lib/gcc/arm-none-eabi/12.3.1/thumb/v7-m/nofp/crtbegin.o
 *(.init)
 .init          0x0800e180        0x4 D:/STM32CubeIDE_1.16.0/STM32CubeIDE/plugins/com.st.stm32cube.ide.mcu.externaltools.gnu-tools-for-stm32.12.3.rel1.win32_1.0.200.202406191623/tools/bin/../lib/gcc/arm-none-eabi/12.3.1/thumb/v7-m/nofp/crti.o
                0x0800e180                _init
 .init          0x0800e184        0x8 D:/STM32CubeIDE_1.16.0/STM32CubeIDE/plugins/com.st.stm32cube.ide.mcu.externaltools.gnu-tools-for-stm32.12.3.rel1.win32_1.0.200.202406191623/tools/bin/../lib/gcc/arm-none-eabi/12.3.1/thumb/v7-m/nofp/crtn.o
 *(.fini)
 .fini          0x0800e18c        0x4 D:/STM32CubeIDE_1.16.0/STM32CubeIDE/plugins/com.st.stm32cube.ide.mcu.externaltools.gnu-tools-for-stm32.12.3.rel1.win32_1.0.200.202406191623/tools/bin/../lib/gcc/arm-none-eabi/12.3.1/thumb/v7-m/nofp/crti.o
                0x0800e18c                _fini
 .fini          0x0800e190        0x8 D:/STM32CubeIDE_1.16.0/STM32CubeIDE/plugins/com.st.stm32cube.ide.mcu.externaltools.gnu-tools-for-stm32.12.3.rel1.win32_1.0.200.202406191623/tools/bin/../lib/gcc/arm-none-eabi/12.3.1/thumb/v7-m/nofp/crtn.o
                0x0800e198                        . = ALIGN (0x4)
                0x0800e198                        _etext = .

.vfp11_veneer   0x0800e198        0x0
 .vfp11_veneer  0x0800e198        0x0 linker stubs

.v4_bx          0x0800e198        0x0
 .v4_bx         0x0800e198        0x0 linker stubs

.iplt           0x0800e198        0x0
 .iplt          0x0800e198        0x0 D:/STM32CubeIDE_1.16.0/STM32CubeIDE/plugins/com.st.stm32cube.ide.mcu.externaltools.gnu-tools-for-stm32.12.3.rel1.win32_1.0.200.202406191623/tools/bin/../lib/gcc/arm-none-eabi/12.3.1/thumb/v7-m/nofp/crtbegin.o

.rodata         0x0800e198     0x1bd8
                0x0800e198                        . = ALIGN (0x4)
 *(.rodata)
 .rodata        0x0800e198        0xc ./Core/Src/ft5206.o
 .rodata        0x0800e1a4       0x25 ./Core/Src/gt9147.o
 *fill*         0x0800e1c9        0x3 
 .rodata        0x0800e1cc        0xd ./Core/Src/lcd.o
 *fill*         0x0800e1d9        0x3 
 .rodata        0x0800e1dc      0x105 ./Core/Src/main.o
 *fill*         0x0800e2e1        0x3 
 .rodata        0x0800e2e4        0xc ./Core/Src/ott2001a.o
 .rodata        0x0800e2f0       0xd0 ./Core/Src/touch.o
 *(.rodata*)
 .rodata.FT5206_TPX_TBL
                0x0800e3c0        0xa ./Core/Src/ft5206.o
                0x0800e3c0                FT5206_TPX_TBL
 *fill*         0x0800e3ca        0x2 
 .rodata.GT9147_CFG_TBL
                0x0800e3cc       0xb8 ./Core/Src/gt9147.o
                0x0800e3cc                GT9147_CFG_TBL
 .rodata.GT9147_TPX_TBL
                0x0800e484        0xa ./Core/Src/gt9147.o
                0x0800e484                GT9147_TPX_TBL
 *fill*         0x0800e48e        0x2 
 .rodata.asc2_1206
                0x0800e490      0x474 ./Core/Src/lcd.o
                0x0800e490                asc2_1206
 .rodata.asc2_1608
                0x0800e904      0x5f0 ./Core/Src/lcd.o
                0x0800e904                asc2_1608
 .rodata.asc2_2412
                0x0800eef4      0xd5c ./Core/Src/lcd.o
                0x0800eef4                asc2_2412
 .rodata.POINT_COLOR_TBL
                0x0800fc50        0xa ./Core/Src/main.o
                0x0800fc50                POINT_COLOR_TBL
 *fill*         0x0800fc5a        0x2 
 .rodata.OTT_TPX_TBL
                0x0800fc5c        0xa ./Core/Src/ott2001a.o
                0x0800fc5c                OTT_TPX_TBL
 *fill*         0x0800fc66        0x2 
 .rodata.AHBPrescTable
                0x0800fc68       0x10 ./Core/Src/system_stm32f1xx.o
                0x0800fc68                AHBPrescTable
 .rodata.APBPrescTable
                0x0800fc78        0x8 ./Core/Src/system_stm32f1xx.o
                0x0800fc78                APBPrescTable
 .rodata.aPLLMULFactorTable.1
                0x0800fc80       0x10 ./Drivers/STM32F1xx_HAL_Driver/Src/stm32f1xx_hal_rcc.o
 .rodata.aPredivFactorTable.0
                0x0800fc90        0x2 ./Drivers/STM32F1xx_HAL_Driver/Src/stm32f1xx_hal_rcc.o
 .rodata.srand.str1.1
                0x0800fc92       0x6f D:/STM32CubeIDE_1.16.0/STM32CubeIDE/plugins/com.st.stm32cube.ide.mcu.externaltools.gnu-tools-for-stm32.12.3.rel1.win32_1.0.200.202406191623/tools/bin/../lib/gcc/arm-none-eabi/12.3.1/../../../../arm-none-eabi/lib/thumb/v7-m/nofp\libc_nano.a(libc_a-rand.o)
 .rodata.__assert_func.str1.1
                0x0800fd01       0x3c D:/STM32CubeIDE_1.16.0/STM32CubeIDE/plugins/com.st.stm32cube.ide.mcu.externaltools.gnu-tools-for-stm32.12.3.rel1.win32_1.0.200.202406191623/tools/bin/../lib/gcc/arm-none-eabi/12.3.1/../../../../arm-none-eabi/lib/thumb/v7-m/nofp\libc_nano.a(libc_a-assert.o)
                                 0x3d (size before relaxing)
 .rodata._svfprintf_r.str1.1
                0x0800fd3d       0x11 D:/STM32CubeIDE_1.16.0/STM32CubeIDE/plugins/com.st.stm32cube.ide.mcu.externaltools.gnu-tools-for-stm32.12.3.rel1.win32_1.0.200.202406191623/tools/bin/../lib/gcc/arm-none-eabi/12.3.1/../../../../arm-none-eabi/lib/thumb/v7-m/nofp\libc_nano.a(libc_a-nano-svfprintf.o)
 .rodata._vfprintf_r.str1.1
                0x0800fd4e       0x11 D:/STM32CubeIDE_1.16.0/STM32CubeIDE/plugins/com.st.stm32cube.ide.mcu.externaltools.gnu-tools-for-stm32.12.3.rel1.win32_1.0.200.202406191623/tools/bin/../lib/gcc/arm-none-eabi/12.3.1/../../../../arm-none-eabi/lib/thumb/v7-m/nofp\libc_nano.a(libc_a-nano-vfprintf.o)
 .rodata._printf_i.str1.1
                0x0800fd4e       0x22 D:/STM32CubeIDE_1.16.0/STM32CubeIDE/plugins/com.st.stm32cube.ide.mcu.externaltools.gnu-tools-for-stm32.12.3.rel1.win32_1.0.200.202406191623/tools/bin/../lib/gcc/arm-none-eabi/12.3.1/../../../../arm-none-eabi/lib/thumb/v7-m/nofp\libc_nano.a(libc_a-nano-vfprintf_i.o)
                0x0800fd70                        . = ALIGN (0x4)

.ARM.extab      0x0800fd70        0x0
                0x0800fd70                        . = ALIGN (0x4)
 *(.ARM.extab* .gnu.linkonce.armextab.*)
                0x0800fd70                        . = ALIGN (0x4)

.ARM            0x0800fd70        0x8
                0x0800fd70                        . = ALIGN (0x4)
                0x0800fd70                        __exidx_start = .
 *(.ARM.exidx*)
 .ARM.exidx     0x0800fd70        0x8 D:/STM32CubeIDE_1.16.0/STM32CubeIDE/plugins/com.st.stm32cube.ide.mcu.externaltools.gnu-tools-for-stm32.12.3.rel1.win32_1.0.200.202406191623/tools/bin/../lib/gcc/arm-none-eabi/12.3.1/../../../../arm-none-eabi/lib/thumb/v7-m/nofp\libc_nano.a(libc_a-strcmp.o)
                0x0800fd78                        __exidx_end = .
                0x0800fd78                        . = ALIGN (0x4)

.rel.dyn        0x0800fd78        0x0
 .rel.iplt      0x0800fd78        0x0 D:/STM32CubeIDE_1.16.0/STM32CubeIDE/plugins/com.st.stm32cube.ide.mcu.externaltools.gnu-tools-for-stm32.12.3.rel1.win32_1.0.200.202406191623/tools/bin/../lib/gcc/arm-none-eabi/12.3.1/thumb/v7-m/nofp/crtbegin.o

.preinit_array  0x0800fd78        0x0
                0x0800fd78                        . = ALIGN (0x4)
                0x0800fd78                        PROVIDE (__preinit_array_start = .)
 *(.preinit_array*)
                0x0800fd78                        PROVIDE (__preinit_array_end = .)
                0x0800fd78                        . = ALIGN (0x4)

.init_array     0x0800fd78        0x4
                0x0800fd78                        . = ALIGN (0x4)
                0x0800fd78                        PROVIDE (__init_array_start = .)
 *(SORT_BY_NAME(.init_array.*))
 *(.init_array*)
 .init_array    0x0800fd78        0x4 D:/STM32CubeIDE_1.16.0/STM32CubeIDE/plugins/com.st.stm32cube.ide.mcu.externaltools.gnu-tools-for-stm32.12.3.rel1.win32_1.0.200.202406191623/tools/bin/../lib/gcc/arm-none-eabi/12.3.1/thumb/v7-m/nofp/crtbegin.o
                0x0800fd7c                        PROVIDE (__init_array_end = .)
                0x0800fd7c                        . = ALIGN (0x4)

.fini_array     0x0800fd7c        0x4
                0x0800fd7c                        . = ALIGN (0x4)
                [!provide]                        PROVIDE (__fini_array_start = .)
 *(SORT_BY_NAME(.fini_array.*))
 *(.fini_array*)
 .fini_array    0x0800fd7c        0x4 D:/STM32CubeIDE_1.16.0/STM32CubeIDE/plugins/com.st.stm32cube.ide.mcu.externaltools.gnu-tools-for-stm32.12.3.rel1.win32_1.0.200.202406191623/tools/bin/../lib/gcc/arm-none-eabi/12.3.1/thumb/v7-m/nofp/crtbegin.o
                [!provide]                        PROVIDE (__fini_array_end = .)
                0x0800fd80                        . = ALIGN (0x4)
                0x0800fd80                        _sidata = LOADADDR (.data)

.data           0x20000000       0xc8 load address 0x0800fd80
                0x20000000                        . = ALIGN (0x4)
                0x20000000                        _sdata = .
 *(.data)
 *(.data*)
 .data.key_up.0
                0x20000000        0x1 ./Core/Src/key.o
 *fill*         0x20000001        0x1 
 .data.BACK_COLOR
                0x20000002        0x2 ./Core/Src/lcd.o
                0x20000002                BACK_COLOR
 .data.initial_speed
                0x20000004        0x4 ./Core/Src/main.o
                0x20000004                initial_speed
 .data.background_color
                0x20000008        0x2 ./Core/Src/main.o
                0x20000008                background_color
 *fill*         0x2000000a        0x2 
 .data.SystemCoreClock
                0x2000000c        0x4 ./Core/Src/system_stm32f1xx.o
                0x2000000c                SystemCoreClock
 .data.tp_dev   0x20000010       0x34 ./Core/Src/touch.o
                0x20000010                tp_dev
 .data.CMD_RDX  0x20000044        0x1 ./Core/Src/touch.o
                0x20000044                CMD_RDX
 .data.CMD_RDY  0x20000045        0x1 ./Core/Src/touch.o
                0x20000045                CMD_RDY
 *fill*         0x20000046        0x2 
 .data.uwTickPrio
                0x20000048        0x4 ./Drivers/STM32F1xx_HAL_Driver/Src/stm32f1xx_hal.o
                0x20000048                uwTickPrio
 .data.uwTickFreq
                0x2000004c        0x1 ./Drivers/STM32F1xx_HAL_Driver/Src/stm32f1xx_hal.o
                0x2000004c                uwTickFreq
 *fill*         0x2000004d        0x3 
 .data.__sglue  0x20000050        0xc D:/STM32CubeIDE_1.16.0/STM32CubeIDE/plugins/com.st.stm32cube.ide.mcu.externaltools.gnu-tools-for-stm32.12.3.rel1.win32_1.0.200.202406191623/tools/bin/../lib/gcc/arm-none-eabi/12.3.1/../../../../arm-none-eabi/lib/thumb/v7-m/nofp\libc_nano.a(libc_a-findfp.o)
                0x20000050                __sglue
 .data._impure_ptr
                0x2000005c        0x4 D:/STM32CubeIDE_1.16.0/STM32CubeIDE/plugins/com.st.stm32cube.ide.mcu.externaltools.gnu-tools-for-stm32.12.3.rel1.win32_1.0.200.202406191623/tools/bin/../lib/gcc/arm-none-eabi/12.3.1/../../../../arm-none-eabi/lib/thumb/v7-m/nofp\libc_nano.a(libc_a-impure.o)
                0x2000005c                _impure_ptr
 .data._impure_data
                0x20000060       0x4c D:/STM32CubeIDE_1.16.0/STM32CubeIDE/plugins/com.st.stm32cube.ide.mcu.externaltools.gnu-tools-for-stm32.12.3.rel1.win32_1.0.200.202406191623/tools/bin/../lib/gcc/arm-none-eabi/12.3.1/../../../../arm-none-eabi/lib/thumb/v7-m/nofp\libc_nano.a(libc_a-impure.o)
                0x20000060                _impure_data
 *fill*         0x200000ac        0x4 
 .data.tiny     0x200000b0        0x8 D:/STM32CubeIDE_1.16.0/STM32CubeIDE/plugins/com.st.stm32cube.ide.mcu.externaltools.gnu-tools-for-stm32.12.3.rel1.win32_1.0.200.202406191623/tools/bin/../lib/gcc/arm-none-eabi/12.3.1/../../../../arm-none-eabi/lib/thumb/v7-m/nofp\libm.a(libm_a-e_sqrt.o)
 .data.one      0x200000b8        0x8 D:/STM32CubeIDE_1.16.0/STM32CubeIDE/plugins/com.st.stm32cube.ide.mcu.externaltools.gnu-tools-for-stm32.12.3.rel1.win32_1.0.200.202406191623/tools/bin/../lib/gcc/arm-none-eabi/12.3.1/../../../../arm-none-eabi/lib/thumb/v7-m/nofp\libm.a(libm_a-e_sqrt.o)
 .data.tiny     0x200000c0        0x4 D:/STM32CubeIDE_1.16.0/STM32CubeIDE/plugins/com.st.stm32cube.ide.mcu.externaltools.gnu-tools-for-stm32.12.3.rel1.win32_1.0.200.202406191623/tools/bin/../lib/gcc/arm-none-eabi/12.3.1/../../../../arm-none-eabi/lib/thumb/v7-m/nofp\libm.a(libm_a-ef_sqrt.o)
 .data.one      0x200000c4        0x4 D:/STM32CubeIDE_1.16.0/STM32CubeIDE/plugins/com.st.stm32cube.ide.mcu.externaltools.gnu-tools-for-stm32.12.3.rel1.win32_1.0.200.202406191623/tools/bin/../lib/gcc/arm-none-eabi/12.3.1/../../../../arm-none-eabi/lib/thumb/v7-m/nofp\libm.a(libm_a-ef_sqrt.o)
 *(.RamFunc)
 *(.RamFunc*)
                0x200000c8                        . = ALIGN (0x4)
                0x200000c8                        _edata = .

.igot.plt       0x200000c8        0x0 load address 0x0800fe48
 .igot.plt      0x200000c8        0x0 D:/STM32CubeIDE_1.16.0/STM32CubeIDE/plugins/com.st.stm32cube.ide.mcu.externaltools.gnu-tools-for-stm32.12.3.rel1.win32_1.0.200.202406191623/tools/bin/../lib/gcc/arm-none-eabi/12.3.1/thumb/v7-m/nofp/crtbegin.o
                0x200000c8                        . = ALIGN (0x4)

.bss            0x200000c8      0x298 load address 0x0800fe48
                0x200000c8                        _sbss = .
                0x200000c8                        __bss_start__ = _sbss
 *(.bss)
 .bss           0x200000c8       0x1c D:/STM32CubeIDE_1.16.0/STM32CubeIDE/plugins/com.st.stm32cube.ide.mcu.externaltools.gnu-tools-for-stm32.12.3.rel1.win32_1.0.200.202406191623/tools/bin/../lib/gcc/arm-none-eabi/12.3.1/thumb/v7-m/nofp/crtbegin.o
 *(.bss*)
 .bss.fac_us    0x200000e4        0x4 ./Core/Src/delay.o
 .bss.t.0       0x200000e8        0x1 ./Core/Src/ft5206.o
 .bss.t.0       0x200000e9        0x1 ./Core/Src/gt9147.o
 .bss.POINT_COLOR
                0x200000ea        0x2 ./Core/Src/lcd.o
                0x200000ea                POINT_COLOR
 .bss.lcddev    0x200000ec        0xe ./Core/Src/lcd.o
                0x200000ec                lcddev
 .bss.shape     0x200000fa        0x1 ./Core/Src/main.o
                0x200000fa                shape
 .bss.current_scene
                0x200000fb        0x1 ./Core/Src/main.o
                0x200000fb                current_scene
 .bss.player_state
                0x200000fc        0x1 ./Core/Src/main.o
                0x200000fc                player_state
 *fill*         0x200000fd        0x3 
 .bss.obstacles
                0x20000100       0x18 ./Core/Src/main.o
                0x20000100                obstacles
 .bss.huart1    0x20000118       0x48 ./Core/Src/main.o
                0x20000118                huart1
 .bss.speed     0x20000160        0x4 ./Core/Src/main.o
                0x20000160                speed
 .bss.counter   0x20000164        0x1 ./Core/Src/main.o
                0x20000164                counter
 *fill*         0x20000165        0x3 
 .bss.hspi1     0x20000168       0x58 ./Core/Src/main.o
                0x20000168                hspi1
 .bss.htim2     0x200001c0       0x48 ./Core/Src/main.o
                0x200001c0                htim2
 .bss.t.0       0x20000208        0x1 ./Core/Src/ott2001a.o
 *fill*         0x20000209        0x3 
 .bss.__sbrk_heap_end
                0x2000020c        0x4 ./Core/Src/sysmem.o
 .bss.uwTick    0x20000210        0x4 ./Drivers/STM32F1xx_HAL_Driver/Src/stm32f1xx_hal.o
                0x20000210                uwTick
 .bss.__sf      0x20000214      0x138 D:/STM32CubeIDE_1.16.0/STM32CubeIDE/plugins/com.st.stm32cube.ide.mcu.externaltools.gnu-tools-for-stm32.12.3.rel1.win32_1.0.200.202406191623/tools/bin/../lib/gcc/arm-none-eabi/12.3.1/../../../../arm-none-eabi/lib/thumb/v7-m/nofp\libc_nano.a(libc_a-findfp.o)
                0x20000214                __sf
 .bss.__stdio_exit_handler
                0x2000034c        0x4 D:/STM32CubeIDE_1.16.0/STM32CubeIDE/plugins/com.st.stm32cube.ide.mcu.externaltools.gnu-tools-for-stm32.12.3.rel1.win32_1.0.200.202406191623/tools/bin/../lib/gcc/arm-none-eabi/12.3.1/../../../../arm-none-eabi/lib/thumb/v7-m/nofp\libc_nano.a(libc_a-findfp.o)
                0x2000034c                __stdio_exit_handler
 .bss.errno     0x20000350        0x4 D:/STM32CubeIDE_1.16.0/STM32CubeIDE/plugins/com.st.stm32cube.ide.mcu.externaltools.gnu-tools-for-stm32.12.3.rel1.win32_1.0.200.202406191623/tools/bin/../lib/gcc/arm-none-eabi/12.3.1/../../../../arm-none-eabi/lib/thumb/v7-m/nofp\libc_nano.a(libc_a-reent.o)
                0x20000350                errno
 .bss.__lock___malloc_recursive_mutex
                0x20000354        0x1 D:/STM32CubeIDE_1.16.0/STM32CubeIDE/plugins/com.st.stm32cube.ide.mcu.externaltools.gnu-tools-for-stm32.12.3.rel1.win32_1.0.200.202406191623/tools/bin/../lib/gcc/arm-none-eabi/12.3.1/../../../../arm-none-eabi/lib/thumb/v7-m/nofp\libc_nano.a(libc_a-lock.o)
                0x20000354                __lock___malloc_recursive_mutex
 .bss.__lock___sfp_recursive_mutex
                0x20000355        0x1 D:/STM32CubeIDE_1.16.0/STM32CubeIDE/plugins/com.st.stm32cube.ide.mcu.externaltools.gnu-tools-for-stm32.12.3.rel1.win32_1.0.200.202406191623/tools/bin/../lib/gcc/arm-none-eabi/12.3.1/../../../../arm-none-eabi/lib/thumb/v7-m/nofp\libc_nano.a(libc_a-lock.o)
                0x20000355                __lock___sfp_recursive_mutex
 *fill*         0x20000356        0x2 
 .bss.__malloc_sbrk_start
                0x20000358        0x4 D:/STM32CubeIDE_1.16.0/STM32CubeIDE/plugins/com.st.stm32cube.ide.mcu.externaltools.gnu-tools-for-stm32.12.3.rel1.win32_1.0.200.202406191623/tools/bin/../lib/gcc/arm-none-eabi/12.3.1/../../../../arm-none-eabi/lib/thumb/v7-m/nofp\libc_nano.a(libc_a-mallocr.o)
                0x20000358                __malloc_sbrk_start
 .bss.__malloc_free_list
                0x2000035c        0x4 D:/STM32CubeIDE_1.16.0/STM32CubeIDE/plugins/com.st.stm32cube.ide.mcu.externaltools.gnu-tools-for-stm32.12.3.rel1.win32_1.0.200.202406191623/tools/bin/../lib/gcc/arm-none-eabi/12.3.1/../../../../arm-none-eabi/lib/thumb/v7-m/nofp\libc_nano.a(libc_a-mallocr.o)
                0x2000035c                __malloc_free_list
 *(COMMON)
                0x20000360                        . = ALIGN (0x4)
                0x20000360                        _ebss = .
                0x20000360                        __bss_end__ = _ebss

._user_heap_stack
                0x20000360      0x600 load address 0x0800fe48
                0x20000360                        . = ALIGN (0x8)
                [!provide]                        PROVIDE (end = .)
                0x20000360                        PROVIDE (_end = .)
                0x20000560                        . = (. + _Min_Heap_Size)
 *fill*         0x20000360      0x200 
                0x20000960                        . = (. + _Min_Stack_Size)
 *fill*         0x20000560      0x400 
                0x20000960                        . = ALIGN (0x8)

/DISCARD/
 libc.a(*)
 libm.a(*)
 libgcc.a(*)

.ARM.attributes
                0x00000000       0x29
 *(.ARM.attributes)
 .ARM.attributes
                0x00000000       0x1d D:/STM32CubeIDE_1.16.0/STM32CubeIDE/plugins/com.st.stm32cube.ide.mcu.externaltools.gnu-tools-for-stm32.12.3.rel1.win32_1.0.200.202406191623/tools/bin/../lib/gcc/arm-none-eabi/12.3.1/thumb/v7-m/nofp/crti.o
 .ARM.attributes
                0x0000001d       0x2d D:/STM32CubeIDE_1.16.0/STM32CubeIDE/plugins/com.st.stm32cube.ide.mcu.externaltools.gnu-tools-for-stm32.12.3.rel1.win32_1.0.200.202406191623/tools/bin/../lib/gcc/arm-none-eabi/12.3.1/thumb/v7-m/nofp/crtbegin.o
 .ARM.attributes
                0x0000004a       0x2d ./Core/Src/24cxx.o
 .ARM.attributes
                0x00000077       0x2d ./Core/Src/ctiic.o
 .ARM.attributes
                0x000000a4       0x2d ./Core/Src/delay.o
 .ARM.attributes
                0x000000d1       0x2d ./Core/Src/ft5206.o
 .ARM.attributes
                0x000000fe       0x2d ./Core/Src/gt9147.o
 .ARM.attributes
                0x0000012b       0x2d ./Core/Src/key.o
 .ARM.attributes
                0x00000158       0x2d ./Core/Src/lcd.o
 .ARM.attributes
                0x00000185       0x2d ./Core/Src/led.o
 .ARM.attributes
                0x000001b2       0x2d ./Core/Src/main.o
 .ARM.attributes
                0x000001df       0x2d ./Core/Src/myiic.o
 .ARM.attributes
                0x0000020c       0x2d ./Core/Src/ott2001a.o
 .ARM.attributes
                0x00000239       0x2d ./Core/Src/stm32f1xx_hal_msp.o
 .ARM.attributes
                0x00000266       0x2d ./Core/Src/stm32f1xx_it.o
 .ARM.attributes
                0x00000293       0x2d ./Core/Src/sys.o
 .ARM.attributes
                0x000002c0       0x2d ./Core/Src/syscalls.o
 .ARM.attributes
                0x000002ed       0x2d ./Core/Src/sysmem.o
 .ARM.attributes
                0x0000031a       0x2d ./Core/Src/system_stm32f1xx.o
 .ARM.attributes
                0x00000347       0x2d ./Core/Src/touch.o
 .ARM.attributes
                0x00000374       0x21 ./Core/Startup/startup_stm32f103rctx.o
 .ARM.attributes
                0x00000395       0x2d ./Drivers/STM32F1xx_HAL_Driver/Src/stm32f1xx_hal.o
 .ARM.attributes
                0x000003c2       0x2d ./Drivers/STM32F1xx_HAL_Driver/Src/stm32f1xx_hal_cortex.o
 .ARM.attributes
                0x000003ef       0x2d ./Drivers/STM32F1xx_HAL_Driver/Src/stm32f1xx_hal_dma.o
 .ARM.attributes
                0x0000041c       0x2d ./Drivers/STM32F1xx_HAL_Driver/Src/stm32f1xx_hal_gpio.o
 .ARM.attributes
                0x00000449       0x2d ./Drivers/STM32F1xx_HAL_Driver/Src/stm32f1xx_hal_rcc.o
 .ARM.attributes
                0x00000476       0x2d ./Drivers/STM32F1xx_HAL_Driver/Src/stm32f1xx_hal_spi.o
 .ARM.attributes
                0x000004a3       0x2d ./Drivers/STM32F1xx_HAL_Driver/Src/stm32f1xx_hal_tim.o
 .ARM.attributes
                0x000004d0       0x2d ./Drivers/STM32F1xx_HAL_Driver/Src/stm32f1xx_hal_tim_ex.o
 .ARM.attributes
                0x000004fd       0x2d ./Drivers/STM32F1xx_HAL_Driver/Src/stm32f1xx_hal_uart.o
 .ARM.attributes
                0x0000052a       0x2d D:/STM32CubeIDE_1.16.0/STM32CubeIDE/plugins/com.st.stm32cube.ide.mcu.externaltools.gnu-tools-for-stm32.12.3.rel1.win32_1.0.200.202406191623/tools/bin/../lib/gcc/arm-none-eabi/12.3.1/../../../../arm-none-eabi/lib/thumb/v7-m/nofp\libc_nano.a(libc_a-rand.o)
 .ARM.attributes
                0x00000557       0x2d D:/STM32CubeIDE_1.16.0/STM32CubeIDE/plugins/com.st.stm32cube.ide.mcu.externaltools.gnu-tools-for-stm32.12.3.rel1.win32_1.0.200.202406191623/tools/bin/../lib/gcc/arm-none-eabi/12.3.1/../../../../arm-none-eabi/lib/thumb/v7-m/nofp\libc_nano.a(libc_a-findfp.o)
 .ARM.attributes
                0x00000584       0x2d D:/STM32CubeIDE_1.16.0/STM32CubeIDE/plugins/com.st.stm32cube.ide.mcu.externaltools.gnu-tools-for-stm32.12.3.rel1.win32_1.0.200.202406191623/tools/bin/../lib/gcc/arm-none-eabi/12.3.1/../../../../arm-none-eabi/lib/thumb/v7-m/nofp\libc_nano.a(libc_a-fwalk.o)
 .ARM.attributes
                0x000005b1       0x2d D:/STM32CubeIDE_1.16.0/STM32CubeIDE/plugins/com.st.stm32cube.ide.mcu.externaltools.gnu-tools-for-stm32.12.3.rel1.win32_1.0.200.202406191623/tools/bin/../lib/gcc/arm-none-eabi/12.3.1/../../../../arm-none-eabi/lib/thumb/v7-m/nofp\libc_nano.a(libc_a-printf.o)
 .ARM.attributes
                0x000005de       0x2d D:/STM32CubeIDE_1.16.0/STM32CubeIDE/plugins/com.st.stm32cube.ide.mcu.externaltools.gnu-tools-for-stm32.12.3.rel1.win32_1.0.200.202406191623/tools/bin/../lib/gcc/arm-none-eabi/12.3.1/../../../../arm-none-eabi/lib/thumb/v7-m/nofp\libc_nano.a(libc_a-sprintf.o)
 .ARM.attributes
                0x0000060b       0x2d D:/STM32CubeIDE_1.16.0/STM32CubeIDE/plugins/com.st.stm32cube.ide.mcu.externaltools.gnu-tools-for-stm32.12.3.rel1.win32_1.0.200.202406191623/tools/bin/../lib/gcc/arm-none-eabi/12.3.1/../../../../arm-none-eabi/lib/thumb/v7-m/nofp\libc_nano.a(libc_a-stdio.o)
 .ARM.attributes
                0x00000638       0x2d D:/STM32CubeIDE_1.16.0/STM32CubeIDE/plugins/com.st.stm32cube.ide.mcu.externaltools.gnu-tools-for-stm32.12.3.rel1.win32_1.0.200.202406191623/tools/bin/../lib/gcc/arm-none-eabi/12.3.1/../../../../arm-none-eabi/lib/thumb/v7-m/nofp\libc_nano.a(libc_a-memset.o)
 .ARM.attributes
                0x00000665       0x2d D:/STM32CubeIDE_1.16.0/STM32CubeIDE/plugins/com.st.stm32cube.ide.mcu.externaltools.gnu-tools-for-stm32.12.3.rel1.win32_1.0.200.202406191623/tools/bin/../lib/gcc/arm-none-eabi/12.3.1/../../../../arm-none-eabi/lib/thumb/v7-m/nofp\libc_nano.a(libc_a-closer.o)
 .ARM.attributes
                0x00000692       0x2d D:/STM32CubeIDE_1.16.0/STM32CubeIDE/plugins/com.st.stm32cube.ide.mcu.externaltools.gnu-tools-for-stm32.12.3.rel1.win32_1.0.200.202406191623/tools/bin/../lib/gcc/arm-none-eabi/12.3.1/../../../../arm-none-eabi/lib/thumb/v7-m/nofp\libc_nano.a(libc_a-reent.o)
 .ARM.attributes
                0x000006bf       0x2d D:/STM32CubeIDE_1.16.0/STM32CubeIDE/plugins/com.st.stm32cube.ide.mcu.externaltools.gnu-tools-for-stm32.12.3.rel1.win32_1.0.200.202406191623/tools/bin/../lib/gcc/arm-none-eabi/12.3.1/../../../../arm-none-eabi/lib/thumb/v7-m/nofp\libc_nano.a(libc_a-impure.o)
 .ARM.attributes
                0x000006ec       0x2d D:/STM32CubeIDE_1.16.0/STM32CubeIDE/plugins/com.st.stm32cube.ide.mcu.externaltools.gnu-tools-for-stm32.12.3.rel1.win32_1.0.200.202406191623/tools/bin/../lib/gcc/arm-none-eabi/12.3.1/../../../../arm-none-eabi/lib/thumb/v7-m/nofp\libc_nano.a(libc_a-lseekr.o)
 .ARM.attributes
                0x00000719       0x2d D:/STM32CubeIDE_1.16.0/STM32CubeIDE/plugins/com.st.stm32cube.ide.mcu.externaltools.gnu-tools-for-stm32.12.3.rel1.win32_1.0.200.202406191623/tools/bin/../lib/gcc/arm-none-eabi/12.3.1/../../../../arm-none-eabi/lib/thumb/v7-m/nofp\libc_nano.a(libc_a-readr.o)
 .ARM.attributes