11:39:45 **** Incremental Build of configuration Debug for project Lab7 ****
make -j20 all 
arm-none-eabi-gcc "../Core/Src/main.c" -mcpu=cortex-m3 -std=gnu11 -g3 -DDEBUG -DUSE_HAL_DRIVER -DSTM32F103xE -c -I../Core/Inc -I../Drivers/STM32F1xx_HAL_Driver/Inc/Legacy -I../Drivers/STM32F1xx_HAL_Driver/Inc -I../Drivers/CMSIS/Device/ST/STM32F1xx/Include -I../Drivers/CMSIS/Include -O0 -ffunction-sections -fdata-sections -Wall -fstack-usage -fcyclomatic-complexity -MMD -MP -MF"Core/Src/main.d" -MT"Core/Src/main.o" --specs=nano.specs -mfloat-abi=soft -mthumb -o "Core/Src/main.o"
arm-none-eabi-gcc -o "Lab7.elf" @"objects.list"   -mcpu=cortex-m3 -T"D:\STM32\Lab7\STM32F103RCTX_FLASH.ld" --specs=nosys.specs -Wl,-Map="Lab7.map" -Wl,--gc-sections -static --specs=nano.specs -mfloat-abi=soft -mthumb -Wl,--start-group -lc -lm -Wl,--end-group
Finished building target: Lab7.elf
 
arm-none-eabi-size  Lab7.elf 
arm-none-eabi-objdump -h -S Lab7.elf  > "Lab7.list"
   text	   data	    bss	    dec	    hex	filename
  49596	     96	   1992	  51684	   c9e4	Lab7.elf
arm-none-eabi-objcopy  -O ihex Lab7.elf  "Lab7.hex"
Finished building: default.size.stdout
arm-none-eabi-objcopy  -O binary Lab7.elf  "Lab7.bin"
 
Finished building: Lab7.hex
Finished building: Lab7.list
 
Finished building: Lab7.bin
 
 

11:39:46 Build Finished. 0 errors, 0 warnings. (took 1s.33ms)

