12:35:51 **** Incremental Build of configuration Debug for project Lab9_2 ****
make -j20 all 
arm-none-eabi-gcc "../Core/Src/stm32f1xx_it.c" -mcpu=cortex-m3 -std=gnu11 -g3 -DDEBUG -DUSE_HAL_DRIVER -DSTM32F103xE -c -I../Core/Inc -I../Drivers/STM32F1xx_HAL_Driver/Inc/Legacy -I../Drivers/STM32F1xx_HAL_Driver/Inc -I../Drivers/CMSIS/Device/ST/STM32F1xx/Include -I../Drivers/CMSIS/Include -O0 -ffunction-sections -fdata-sections -Wall -fstack-usage -fcyclomatic-complexity -MMD -MP -MF"Core/Src/stm32f1xx_it.d" -MT"Core/Src/stm32f1xx_it.o" --specs=nano.specs -mfloat-abi=soft -mthumb -o "Core/Src/stm32f1xx_it.o"
arm-none-eabi-gcc -o "Lab9_2.elf" @"objects.list"   -mcpu=cortex-m3 -T"D:\STM32\Lab9_2\STM32F103RCTX_FLASH.ld" --specs=nosys.specs -Wl,-Map="Lab9_2.map" -Wl,--gc-sections -static --specs=nano.specs -mfloat-abi=soft -mthumb -Wl,--start-group -lc -lm -Wl,--end-group
Finished building target: Lab9_2.elf
 
arm-none-eabi-size  Lab9_2.elf 
arm-none-eabi-objdump -h -S Lab9_2.elf  > "Lab9_2.list"
   text	   data	    bss	    dec	    hex	filename
  10048	     92	   2068	  12208	   2fb0	Lab9_2.elf
arm-none-eabi-objcopy  -O ihex Lab9_2.elf  "Lab9_2.hex"
Finished building: default.size.stdout
arm-none-eabi-objcopy  -O binary Lab9_2.elf  "Lab9_2.bin"
 
Finished building: Lab9_2.list
Finished building: Lab9_2.hex
 
 
Finished building: Lab9_2.bin
 

12:35:52 Build Finished. 0 errors, 0 warnings. (took 966ms)

