10:46:33 **** Incremental Build of configuration Debug for project Lab9 ****
make -j20 all 
arm-none-eabi-gcc "../Core/Src/main.c" -mcpu=cortex-m3 -std=gnu11 -g3 -DDEBUG -DUSE_HAL_DRIVER -DSTM32F103xE -c -I../Core/Inc -I../Drivers/STM32F1xx_HAL_Driver/Inc/Legacy -I../Drivers/STM32F1xx_HAL_Driver/Inc -I../Drivers/CMSIS/Device/ST/STM32F1xx/Include -I../Drivers/CMSIS/Include -O0 -ffunction-sections -fdata-sections -Wall -fstack-usage -fcyclomatic-complexity -MMD -MP -MF"Core/Src/main.d" -MT"Core/Src/main.o" --specs=nano.specs -mfloat-abi=soft -mthumb -o "Core/Src/main.o"
../Core/Src/main.c: In function 'main':
../Core/Src/main.c:98:30: warning: pointer targets in passing argument 2 of 'HAL_UART_Transmit' differ in signedness [-Wpointer-sign]
   98 |   HAL_UART_Transmit(&huart1, "Restart\r\n", 9, HAL_MAX_DELAY);
      |                              ^~~~~~~~~~~~~
      |                              |
      |                              char *
In file included from ../Core/Inc/stm32f1xx_hal_conf.h:338,
                 from ../Drivers/STM32F1xx_HAL_Driver/Inc/stm32f1xx_hal.h:29,
                 from ../Core/Inc/main.h:30,
                 from ../Core/Src/main.c:20:
../Drivers/STM32F1xx_HAL_Driver/Inc/stm32f1xx_hal_uart.h:749:79: note: expected 'const uint8_t *' {aka 'const unsigned char *'} but argument is of type 'char *'
  749 | HAL_StatusTypeDef HAL_UART_Transmit(UART_HandleTypeDef *huart, const uint8_t *pData, uint16_t Size, uint32_t Timeout);
      |                                                                ~~~~~~~~~~~~~~~^~~~~
../Core/Src/main.c:110:19: warning: pointer targets in passing argument 1 of 'sprintf' differ in signedness [-Wpointer-sign]
  110 |           sprintf(msg,"i = %d\r\n ", i);
      |                   ^~~
      |                   |
      |                   unsigned char *
In file included from ../Core/Src/main.c:27:
D:\STM32CubeIDE_1.16.0\STM32CubeIDE\plugins\com.st.stm32cube.ide.mcu.externaltools.gnu-tools-for-stm32.12.3.rel1.win32_1.0.200.202406191623\tools\bin/../lib/gcc/arm-none-eabi/12.3.1/../../../../arm-none-eabi/include/stdio.h:250:18: note: expected 'char * restrict' but argument is of type 'unsigned char *'
  250 | int     sprintf (char *__restrict, const char *__restrict, ...)
      |                  ^
../Core/Src/main.c:111:60: warning: pointer targets in passing argument 1 of 'strlen' differ in signedness [-Wpointer-sign]
  111 |           HAL_UART_Transmit(&huart1, (uint8_t*)msg, strlen(msg), HAL_MAX_DELAY);
      |                                                            ^~~
      |                                                            |
      |                                                            unsigned char *
In file included from ../Core/Src/main.c:28:
D:\STM32CubeIDE_1.16.0\STM32CubeIDE\plugins\com.st.stm32cube.ide.mcu.externaltools.gnu-tools-for-stm32.12.3.rel1.win32_1.0.200.202406191623\tools\bin/../lib/gcc/arm-none-eabi/12.3.1/../../../../arm-none-eabi/include/string.h:41:18: note: expected 'const char *' but argument is of type 'unsigned char *'
   41 | size_t   strlen (const char *);
      |                  ^~~~~~~~~~~~
arm-none-eabi-gcc -o "Lab9.elf" @"objects.list"   -mcpu=cortex-m3 -T"D:\STM32\Lab9\STM32F103RCTX_FLASH.ld" --specs=nosys.specs -Wl,-Map="Lab9.map" -Wl,--gc-sections -static --specs=nano.specs -mfloat-abi=soft -mthumb -Wl,--start-group -lc -lm -Wl,--end-group
Finished building target: Lab9.elf
 
arm-none-eabi-size  Lab9.elf 
arm-none-eabi-objdump -h -S Lab9.elf  > "Lab9.list"
   text	   data	    bss	    dec	    hex	filename
   9336	     92	   1988	  11416	   2c98	Lab9.elf
arm-none-eabi-objcopy  -O ihex Lab9.elf  "Lab9.hex"
Finished building: default.size.stdout
arm-none-eabi-objcopy  -O binary Lab9.elf  "Lab9.bin"
 
Finished building: Lab9.list
Finished building: Lab9.hex
 
 
Finished building: Lab9.bin
 

10:46:34 Build Finished. 0 errors, 3 warnings. (took 964ms)

