10:24:46 **** Build of configuration Debug for project Lab_assignment2 ****
make -j20 all 
arm-none-eabi-gcc "../Core/Src/KEY.c" -mcpu=cortex-m3 -std=gnu11 -g3 -DDEBUG -DUSE_HAL_DRIVER -DSTM32F103xE -c -I../Core/Inc -I../Drivers/STM32F1xx_HAL_Driver/Inc/Legacy -I../Drivers/STM32F1xx_HAL_Driver/Inc -I../Drivers/CMSIS/Device/ST/STM32F1xx/Include -I../Drivers/CMSIS/Include -O0 -ffunction-sections -fdata-sections -Wall -fstack-usage -fcyclomatic-complexity -MMD -MP -MF"Core/Src/KEY.d" -MT"Core/Src/KEY.o" --specs=nano.specs -mfloat-abi=soft -mthumb -o "Core/Src/KEY.o"
arm-none-eabi-gcc "../Core/Src/main.c" -mcpu=cortex-m3 -std=gnu11 -g3 -DDEBUG -DUSE_HAL_DRIVER -DSTM32F103xE -c -I../Core/Inc -I../Drivers/STM32F1xx_HAL_Driver/Inc/Legacy -I../Drivers/STM32F1xx_HAL_Driver/Inc -I../Drivers/CMSIS/Device/ST/STM32F1xx/Include -I../Drivers/CMSIS/Include -O0 -ffunction-sections -fdata-sections -Wall -fstack-usage -fcyclomatic-complexity -MMD -MP -MF"Core/Src/main.d" -MT"Core/Src/main.o" --specs=nano.specs -mfloat-abi=soft -mthumb -o "Core/Src/main.o"
arm-none-eabi-gcc -o "Lab_assignment2.elf" @"objects.list"   -mcpu=cortex-m3 -T"D:\STM32\Lab_assignment2\STM32F103RCTX_FLASH.ld" --specs=nosys.specs -Wl,-Map="Lab_assignment2.map" -Wl,--gc-sections -static --specs=nano.specs -mfloat-abi=soft -mthumb -Wl,--start-group -lc -lm -Wl,--end-group
Finished building target: Lab_assignment2.elf
 
arm-none-eabi-size  Lab_assignment2.elf 
arm-none-eabi-objdump -h -S Lab_assignment2.elf  > "Lab_assignment2.list"
   text	   data	    bss	    dec	    hex	filename
  56316	    100	   2156	  58572	   e4cc	Lab_assignment2.elf
arm-none-eabi-objcopy  -O ihex Lab_assignment2.elf  "Lab_assignment2.hex"
Finished building: default.size.stdout
arm-none-eabi-objcopy  -O binary Lab_assignment2.elf  "Lab_assignment2.bin"
 
Finished building: Lab_assignment2.hex
 
Finished building: Lab_assignment2.list
Finished building: Lab_assignment2.bin
 
 

10:24:48 Build Finished. 0 errors, 0 warnings. (took 1s.343ms)

