11:40:29 **** Build of configuration Debug for project Lab_assignment3 ****
make -j20 all 
arm-none-eabi-gcc "../Core/Src/stm32f1xx_it.c" -mcpu=cortex-m3 -std=gnu11 -g3 -DDEBUG -DUSE_HAL_DRIVER -DSTM32F103xE -c -I../Core/Inc -I../Drivers/STM32F1xx_HAL_Driver/Inc/Legacy -I../Drivers/STM32F1xx_HAL_Driver/Inc -I../Drivers/CMSIS/Device/ST/STM32F1xx/Include -I../Drivers/CMSIS/Include -O0 -ffunction-sections -fdata-sections -Wall -fstack-usage -fcyclomatic-complexity -MMD -MP -MF"Core/Src/stm32f1xx_it.d" -MT"Core/Src/stm32f1xx_it.o" --specs=nano.specs -mfloat-abi=soft -mthumb -o "Core/Src/stm32f1xx_it.o"
arm-none-eabi-gcc -o "Lab_assignment3.elf" @"objects.list"   -mcpu=cortex-m3 -T"D:\STM32\Lab_assignment3\STM32F103RCTX_FLASH.ld" --specs=nosys.specs -Wl,-Map="Lab_assignment3.map" -Wl,--gc-sections -static --specs=nano.specs -mfloat-abi=soft -mthumb -Wl,--start-group -lc -lm -Wl,--end-group
Finished building target: Lab_assignment3.elf
 
arm-none-eabi-size  Lab_assignment3.elf 
arm-none-eabi-objdump -h -S Lab_assignment3.elf  > "Lab_assignment3.list"
   text	   data	    bss	    dec	    hex	filename
  56776	    108	   7692	  64576	   fc40	Lab_assignment3.elf
arm-none-eabi-objcopy  -O ihex Lab_assignment3.elf  "Lab_assignment3.hex"
Finished building: default.size.stdout
arm-none-eabi-objcopy  -O binary Lab_assignment3.elf  "Lab_assignment3.bin"
 
Finished building: Lab_assignment3.hex
 
Finished building: Lab_assignment3.bin
Finished building: Lab_assignment3.list
 
 

11:40:31 Build Finished. 0 errors, 0 warnings. (took 1s.514ms)

